2026-02-07 12:15:29,869 - INFO - 
============================================================
2026-02-07 12:15:29,869 - INFO - JORNADA 5
2026-02-07 12:15:29,871 - INFO - ============================================================
2026-02-07 12:15:32,371 - INFO - Found 10 matches
2026-02-07 12:15:32,371 - INFO - Processing Match [J5]: https://www.laliga.com/partido/temporada-2025-2026-laliga-ea-sports-real-betis-real-sociedad-5 (Attempt 1)
2026-02-07 12:15:38,292 - INFO - Processing Match [J5]: https://www.laliga.com/partido/temporada-2025-2026-laliga-ea-sports-valencia-cf-athletic-club-5 (Attempt 1)
2026-02-07 12:15:42,906 - INFO - Processing Match [J5]: https://www.laliga.com/partido/temporada-2025-2026-laliga-ea-sports-deportivo-alaves-sevilla-fc-5 (Attempt 1)
2026-02-07 12:15:47,649 - INFO - Processing Match [J5]: https://www.laliga.com/partido/temporada-2025-2026-laliga-ea-sports-rayo-vallecano-rc-celta-5 (Attempt 1)
2026-02-07 12:15:52,686 - INFO - Processing Match [J5]: https://www.laliga.com/partido/temporada-2025-2026-laliga-ea-sports-elche-cf-real-oviedo-5 (Attempt 1)
2026-02-07 12:16:01,022 - INFO - Processing Match [J5]: https://www.laliga.com/partido/temporada-2025-2026-laliga-ea-sports-real-madrid-rcd-espanyol-de-barcelona-5 (Attempt 1)
2026-02-07 12:16:05,369 - INFO - Processing Match [J5]: https://www.laliga.com/partido/temporada-2025-2026-laliga-ea-sports-fc-barcelona-getafe-cf-5 (Attempt 1)
2026-02-07 12:16:10,116 - INFO - Processing Match [J5]: https://www.laliga.com/partido/temporada-2025-2026-laliga-ea-sports-villarreal-cf-ca-osasuna-5 (Attempt 1)
2026-02-07 12:16:17,258 - INFO - Processing Match [J5]: https://www.laliga.com/partido/temporada-2025-2026-laliga-ea-sports-girona-fc-levante-ud-5 (Attempt 1)
2026-02-07 12:16:21,769 - INFO - Processing Match [J5]: https://www.laliga.com/partido/temporada-2025-2026-laliga-ea-sports-rcd-mallorca-atletico-de-madrid-5 (Attempt 1)
2026-02-07 12:16:26,842 - INFO - 
============================================================
2026-02-07 12:16:26,846 - INFO - JORNADA 6
2026-02-07 12:16:26,847 - INFO - ============================================================
2026-02-07 12:16:29,476 - INFO - Found 10 matches
2026-02-07 12:16:29,478 - INFO - Processing Match [J6]: https://www.laliga.com/partido/temporada-2025-2026-laliga-ea-sports-real-oviedo-fc-barcelona-6 (Attempt 1)
2026-02-07 12:16:33,709 - INFO - Processing Match [J6]: https://www.laliga.com/partido/temporada-2025-2026-laliga-ea-sports-atletico-de-madrid-rayo-vallecano-6 (Attempt 1)
2026-02-07 12:16:39,260 - INFO - Processing Match [J6]: https://www.laliga.com/partido/temporada-2025-2026-laliga-ea-sports-ca-osasuna-elche-cf-6 (Attempt 1)
2026-02-07 12:16:44,227 - INFO - Processing Match [J6]: https://www.laliga.com/partido/temporada-2025-2026-laliga-ea-sports-real-sociedad-rcd-mallorca-6 (Attempt 1)
2026-02-07 12:16:49,154 - INFO - Processing Match [J6]: https://www.laliga.com/partido/temporada-2025-2026-laliga-ea-sports-sevilla-fc-villarreal-cf-6 (Attempt 1)
2026-02-07 12:16:54,079 - INFO - Processing Match [J6]: https://www.laliga.com/partido/temporada-2025-2026-laliga-ea-sports-rcd-espanyol-de-barcelona-valencia-cf-6 (Attempt 1)
2026-02-07 12:16:57,809 - INFO - Processing Match [J6]: https://www.laliga.com/partido/temporada-2025-2026-laliga-ea-sports-rc-celta-real-betis-6 (Attempt 1)
2026-02-07 12:17:02,499 - INFO - Processing Match [J6]: https://www.laliga.com/partido/temporada-2025-2026-laliga-ea-sports-getafe-cf-deportivo-alaves-6 (Attempt 1)
2026-02-07 12:17:07,183 - INFO - Processing Match [J6]: https://www.laliga.com/partido/temporada-2025-2026-laliga-ea-sports-athletic-club-girona-fc-6 (Attempt 1)
2026-02-07 12:17:12,016 - INFO - Processing Match [J6]: https://www.laliga.com/partido/temporada-2025-2026-laliga-ea-sports-levante-ud-real-madrid-6 (Attempt 1)
2026-02-07 12:17:16,842 - INFO - 
============================================================
2026-02-07 12:17:16,852 - INFO - JORNADA 7
2026-02-07 12:17:16,853 - INFO - ============================================================
2026-02-07 12:17:21,312 - INFO - Found 10 matches
2026-02-07 12:17:21,313 - INFO - Processing Match [J7]: https://www.laliga.com/partido/temporada-2025-2026-laliga-ea-sports-fc-barcelona-real-sociedad-7 (Attempt 1)
2026-02-07 12:17:27,172 - INFO - Processing Match [J7]: https://www.laliga.com/partido/temporada-2025-2026-laliga-ea-sports-rcd-mallorca-deportivo-alaves-7 (Attempt 1)
2026-02-07 12:17:31,911 - INFO - Processing Match [J7]: https://www.laliga.com/partido/temporada-2025-2026-laliga-ea-sports-valencia-cf-real-oviedo-7 (Attempt 1)
2026-02-07 12:17:37,591 - INFO - Processing Match [J7]: https://www.laliga.com/partido/temporada-2025-2026-laliga-ea-sports-real-betis-ca-osasuna-7 (Attempt 1)
2026-02-07 12:17:42,517 - INFO - Processing Match [J7]: https://www.laliga.com/partido/temporada-2025-2026-laliga-ea-sports-villarreal-cf-athletic-club-7 (Attempt 1)
2026-02-07 12:17:47,338 - INFO - Processing Match [J7]: https://www.laliga.com/partido/temporada-2025-2026-laliga-ea-sports-atletico-de-madrid-real-madrid-7 (Attempt 1)
2026-02-07 12:17:52,401 - INFO - Processing Match [J7]: https://www.laliga.com/partido/temporada-2025-2026-laliga-ea-sports-girona-fc-rcd-espanyol-de-barcelona-7 (Attempt 1)
2026-02-07 12:17:55,700 - INFO - Processing Match [J7]: https://www.laliga.com/partido/temporada-2025-2026-laliga-ea-sports-elche-cf-rc-celta-7 (Attempt 1)
2026-02-07 12:18:01,087 - INFO - Processing Match [J7]: https://www.laliga.com/partido/temporada-2025-2026-laliga-ea-sports-rayo-vallecano-sevilla-fc-7 (Attempt 1)
2026-02-07 12:18:09,097 - INFO - Processing Match [J7]: https://www.laliga.com/partido/temporada-2025-2026-laliga-ea-sports-getafe-cf-levante-ud-7 (Attempt 1)
2026-02-07 12:18:13,916 - INFO - 
============================================================
2026-02-07 12:18:13,917 - INFO - JORNADA 8
2026-02-07 12:18:13,917 - INFO - ============================================================
2026-02-07 12:18:16,892 - INFO - Found 10 matches
2026-02-07 12:18:16,893 - INFO - Processing Match [J8]: https://www.laliga.com/partido/temporada-2025-2026-laliga-ea-sports-real-oviedo-levante-ud-8 (Attempt 1)
2026-02-07 12:18:21,935 - INFO - Processing Match [J8]: https://www.laliga.com/partido/temporada-2025-2026-laliga-ea-sports-sevilla-fc-fc-barcelona-8 (Attempt 1)
2026-02-07 12:18:27,395 - INFO - Processing Match [J8]: https://www.laliga.com/partido/temporada-2025-2026-laliga-ea-sports-girona-fc-valencia-cf-8 (Attempt 1)
2026-02-07 12:18:31,869 - INFO - Processing Match [J8]: https://www.laliga.com/partido/temporada-2025-2026-laliga-ea-sports-ca-osasuna-getafe-cf-8 (Attempt 1)
2026-02-07 12:18:38,544 - INFO - Processing Match [J8]: https://www.laliga.com/partido/temporada-2025-2026-laliga-ea-sports-real-sociedad-rayo-vallecano-8 (Attempt 1)
2026-02-07 12:18:43,732 - INFO - Processing Match [J8]: https://www.laliga.com/partido/temporada-2025-2026-laliga-ea-sports-rc-celta-atletico-de-madrid-8 (Attempt 1)
2026-02-07 12:18:48,516 - INFO - Processing Match [J8]: https://www.laliga.com/partido/temporada-2025-2026-laliga-ea-sports-athletic-club-rcd-mallorca-8 (Attempt 1)
2026-02-07 12:18:53,368 - INFO - Processing Match [J8]: https://www.laliga.com/partido/temporada-2025-2026-laliga-ea-sports-rcd-espanyol-de-barcelona-real-betis-8 (Attempt 1)
2026-02-07 12:18:58,082 - INFO - Processing Match [J8]: https://www.laliga.com/partido/temporada-2025-2026-laliga-ea-sports-deportivo-alaves-elche-cf-8 (Attempt 1)
2026-02-07 12:19:02,398 - INFO - Processing Match [J8]: https://www.laliga.com/partido/temporada-2025-2026-laliga-ea-sports-real-madrid-villarreal-cf-8 (Attempt 1)
2026-02-07 12:19:07,597 - INFO - 
============================================================
2026-02-07 12:19:07,598 - INFO - JORNADA 9
2026-02-07 12:19:07,598 - INFO - ============================================================
2026-02-07 12:19:16,413 - INFO - Found 10 matches
2026-02-07 12:19:16,413 - INFO - Processing Match [J9]: https://www.laliga.com/partido/temporada-2025-2026-laliga-ea-sports-sevilla-fc-rcd-mallorca-9 (Attempt 1)
2026-02-07 12:19:21,455 - INFO - Processing Match [J9]: https://www.laliga.com/partido/temporada-2025-2026-laliga-ea-sports-real-oviedo-rcd-espanyol-de-barcelona-9 (Attempt 1)
2026-02-07 12:19:26,489 - INFO - Processing Match [J9]: https://www.laliga.com/partido/temporada-2025-2026-laliga-ea-sports-deportivo-alaves-valencia-cf-9 (Attempt 1)
2026-02-07 12:19:31,426 - INFO - Processing Match [J9]: https://www.laliga.com/partido/temporada-2025-2026-laliga-ea-sports-fc-barcelona-girona-fc-9 (Attempt 1)
2026-02-07 12:19:37,837 - INFO - Processing Match [J9]: https://www.laliga.com/partido/temporada-2025-2026-laliga-ea-sports-atletico-de-madrid-ca-osasuna-9 (Attempt 1)
2026-02-07 12:19:42,367 - INFO - Processing Match [J9]: https://www.laliga.com/partido/temporada-2025-2026-laliga-ea-sports-rc-celta-real-sociedad-9 (Attempt 1)
2026-02-07 12:19:47,037 - INFO - Processing Match [J9]: https://www.laliga.com/partido/temporada-2025-2026-laliga-ea-sports-getafe-cf-real-madrid-9 (Attempt 1)
2026-02-07 12:19:52,005 - INFO - Processing Match [J9]: https://www.laliga.com/partido/temporada-2025-2026-laliga-ea-sports-elche-cf-athletic-club-9 (Attempt 1)
2026-02-07 12:19:56,893 - INFO - Processing Match [J9]: https://www.laliga.com/partido/temporada-2025-2026-laliga-ea-sports-villarreal-cf-real-betis-9 (Attempt 1)
2026-02-07 12:20:01,421 - INFO - Processing Match [J9]: https://www.laliga.com/partido/temporada-2025-2026-laliga-ea-sports-levante-ud-rayo-vallecano-9 (Attempt 1)
2026-02-07 12:20:07,845 - INFO - 
============================================================
2026-02-07 12:20:07,846 - INFO - JORNADA 10
2026-02-07 12:20:07,846 - INFO - ============================================================
2026-02-07 12:20:10,495 - INFO - Found 10 matches
2026-02-07 12:20:10,496 - INFO - Processing Match [J10]: https://www.laliga.com/partido/temporada-2025-2026-laliga-ea-sports-rayo-vallecano-deportivo-alaves-10 (Attempt 1)
2026-02-07 12:20:15,738 - INFO - Processing Match [J10]: https://www.laliga.com/partido/temporada-2025-2026-laliga-ea-sports-valencia-cf-villarreal-cf-10 (Attempt 1)
2026-02-07 12:20:19,833 - INFO - Processing Match [J10]: https://www.laliga.com/partido/temporada-2025-2026-laliga-ea-sports-ca-osasuna-rc-celta-10 (Attempt 1)
2026-02-07 12:20:24,562 - INFO - Processing Match [J10]: https://www.laliga.com/partido/temporada-2025-2026-laliga-ea-sports-girona-fc-real-oviedo-10 (Attempt 1)
2026-02-07 12:20:29,887 - INFO - Processing Match [J10]: https://www.laliga.com/partido/temporada-2025-2026-laliga-ea-sports-real-sociedad-sevilla-fc-10 (Attempt 1)
2026-02-07 12:20:34,327 - INFO - Processing Match [J10]: https://www.laliga.com/partido/temporada-2025-2026-laliga-ea-sports-real-betis-atletico-de-madrid-10 (Attempt 1)
2026-02-07 12:20:37,447 - INFO - Processing Match [J10]: https://www.laliga.com/partido/temporada-2025-2026-laliga-ea-sports-real-madrid-fc-barcelona-10 (Attempt 1)
2026-02-07 12:20:43,146 - INFO - Processing Match [J10]: https://www.laliga.com/partido/temporada-2025-2026-laliga-ea-sports-athletic-club-getafe-cf-10 (Attempt 1)
2026-02-07 12:20:47,829 - INFO - Processing Match [J10]: https://www.laliga.com/partido/temporada-2025-2026-laliga-ea-sports-rcd-espanyol-de-barcelona-elche-cf-10 (Attempt 1)
2026-02-07 12:20:53,216 - INFO - Processing Match [J10]: https://www.laliga.com/partido/temporada-2025-2026-laliga-ea-sports-rcd-mallorca-levante-ud-10 (Attempt 1)
2026-02-07 12:20:58,092 - INFO - 
============================================================
2026-02-07 12:20:58,129 - INFO - JORNADA 11
2026-02-07 12:20:58,171 - INFO - ============================================================
2026-02-07 12:21:00,934 - INFO - Found 10 matches
2026-02-07 12:21:00,935 - INFO - Processing Match [J11]: https://www.laliga.com/partido/temporada-2025-2026-laliga-ea-sports-real-oviedo-ca-osasuna-11 (Attempt 1)
2026-02-07 12:21:06,086 - INFO - Processing Match [J11]: https://www.laliga.com/partido/temporada-2025-2026-laliga-ea-sports-levante-ud-rc-celta-11 (Attempt 1)
2026-02-07 12:21:10,499 - INFO - Processing Match [J11]: https://www.laliga.com/partido/temporada-2025-2026-laliga-ea-sports-real-sociedad-athletic-club-11 (Attempt 1)
2026-02-07 12:21:15,621 - INFO - Processing Match [J11]: https://www.laliga.com/partido/temporada-2025-2026-laliga-ea-sports-real-betis-rcd-mallorca-11 (Attempt 1)
2026-02-07 12:21:19,797 - INFO - Processing Match [J11]: https://www.laliga.com/partido/temporada-2025-2026-laliga-ea-sports-real-madrid-valencia-cf-11 (Attempt 1)
2026-02-07 12:21:24,029 - INFO - Processing Match [J11]: https://www.laliga.com/partido/temporada-2025-2026-laliga-ea-sports-getafe-cf-girona-fc-11 (Attempt 1)
2026-02-07 12:21:29,124 - INFO - Processing Match [J11]: https://www.laliga.com/partido/temporada-2025-2026-laliga-ea-sports-deportivo-alaves-rcd-espanyol-de-barcelona-11 (Attempt 1)
2026-02-07 12:21:34,790 - INFO - Processing Match [J11]: https://www.laliga.com/partido/temporada-2025-2026-laliga-ea-sports-fc-barcelona-elche-cf-11 (Attempt 1)
2026-02-07 12:21:53,160 - INFO - 
============================================================
2026-02-07 12:21:53,161 - INFO - JORNADA 5
2026-02-07 12:21:53,161 - INFO - ============================================================
2026-02-07 12:21:54,273 - INFO - Found 10 matches
2026-02-07 12:21:54,274 - INFO - Processing Match [J5]: https://www.laliga.com/partido/temporada-2025-2026-laliga-ea-sports-rcd-mallorca-atletico-de-madrid-5 (Attempt 1)
2026-02-07 12:21:58,761 - INFO - Processing Match [J5]: https://www.laliga.com/partido/temporada-2025-2026-laliga-ea-sports-villarreal-cf-ca-osasuna-5 (Attempt 1)
2026-02-07 12:22:03,600 - INFO - Processing Match [J5]: https://www.laliga.com/partido/temporada-2025-2026-laliga-ea-sports-real-betis-real-sociedad-5 (Attempt 1)
2026-02-07 12:22:08,711 - INFO - Processing Match [J5]: https://www.laliga.com/partido/temporada-2025-2026-laliga-ea-sports-fc-barcelona-getafe-cf-5 (Attempt 1)
2026-02-07 12:22:13,321 - INFO - Processing Match [J5]: https://www.laliga.com/partido/temporada-2025-2026-laliga-ea-sports-deportivo-alaves-sevilla-fc-5 (Attempt 1)
2026-02-07 12:22:20,464 - INFO - Processing Match [J5]: https://www.laliga.com/partido/temporada-2025-2026-laliga-ea-sports-real-madrid-rcd-espanyol-de-barcelona-5 (Attempt 1)
2026-02-07 12:22:24,080 - INFO - Processing Match [J5]: https://www.laliga.com/partido/temporada-2025-2026-laliga-ea-sports-girona-fc-levante-ud-5 (Attempt 1)
2026-02-07 12:22:28,266 - INFO - Processing Match [J5]: https://www.laliga.com/partido/temporada-2025-2026-laliga-ea-sports-rayo-vallecano-rc-celta-5 (Attempt 1)
2026-02-07 12:22:32,680 - INFO - Processing Match [J5]: https://www.laliga.com/partido/temporada-2025-2026-laliga-ea-sports-valencia-cf-athletic-club-5 (Attempt 1)
2026-02-07 12:22:38,059 - INFO - Processing Match [J5]: https://www.laliga.com/partido/temporada-2025-2026-laliga-ea-sports-elche-cf-real-oviedo-5 (Attempt 1)
2026-02-07 12:28:20,319 - INFO - 
============================================================
2026-02-07 12:28:20,320 - INFO - JORNADA 5
2026-02-07 12:28:20,320 - INFO - ============================================================
2026-02-07 12:28:22,813 - INFO - Found 10 matches
2026-02-07 12:28:22,814 - INFO - Processing Match [J5]: https://www.laliga.com/partido/temporada-2025-2026-laliga-ea-sports-valencia-cf-athletic-club-5 (Attempt 1)
2026-02-07 12:28:26,591 - INFO -   Found 16 events
2026-02-07 12:28:27,486 - INFO - Processing Match [J5]: https://www.laliga.com/partido/temporada-2025-2026-laliga-ea-sports-elche-cf-real-oviedo-5 (Attempt 1)
2026-02-07 12:28:31,064 - INFO -   Found 15 events
2026-02-07 12:28:32,398 - INFO - Processing Match [J5]: https://www.laliga.com/partido/temporada-2025-2026-laliga-ea-sports-girona-fc-levante-ud-5 (Attempt 1)
2026-02-07 12:28:36,418 - INFO -   Found 22 events
2026-02-07 12:28:37,433 - INFO - Processing Match [J5]: https://www.laliga.com/partido/temporada-2025-2026-laliga-ea-sports-real-betis-real-sociedad-5 (Attempt 1)
2026-02-07 12:28:39,775 - INFO -   Found 24 events
2026-02-07 12:28:41,161 - INFO - Processing Match [J5]: https://www.laliga.com/partido/temporada-2025-2026-laliga-ea-sports-real-madrid-rcd-espanyol-de-barcelona-5 (Attempt 1)
2026-02-07 12:28:44,785 - INFO -   Found 14 events
2026-02-07 12:28:45,622 - INFO - Processing Match [J5]: https://www.laliga.com/partido/temporada-2025-2026-laliga-ea-sports-fc-barcelona-getafe-cf-5 (Attempt 1)
2026-02-07 12:28:50,980 - INFO -   Found 20 events
2026-02-07 12:28:52,239 - INFO - Processing Match [J5]: https://www.laliga.com/partido/temporada-2025-2026-laliga-ea-sports-deportivo-alaves-sevilla-fc-5 (Attempt 1)
2026-02-07 12:28:56,150 - INFO -   Found 22 events
2026-02-07 12:28:57,220 - INFO - Processing Match [J5]: https://www.laliga.com/partido/temporada-2025-2026-laliga-ea-sports-villarreal-cf-ca-osasuna-5 (Attempt 1)
2026-02-07 12:29:00,717 - INFO -   Found 18 events
2026-02-07 12:29:01,568 - INFO - Processing Match [J5]: https://www.laliga.com/partido/temporada-2025-2026-laliga-ea-sports-rcd-mallorca-atletico-de-madrid-5 (Attempt 1)
2026-02-07 12:29:06,483 - INFO -   Found 15 events
2026-02-07 12:29:07,830 - INFO - Processing Match [J5]: https://www.laliga.com/partido/temporada-2025-2026-laliga-ea-sports-rayo-vallecano-rc-celta-5 (Attempt 1)
2026-02-07 12:29:11,331 - INFO -   Found 14 events
2026-02-07 12:29:33,764 - INFO - 
============================================================
2026-02-07 12:29:33,766 - INFO - JORNADA 5
2026-02-07 12:29:33,768 - INFO - ============================================================
2026-02-07 12:29:34,923 - INFO - Found 10 matches
2026-02-07 12:29:34,923 - INFO - Processing Match [J5]: https://www.laliga.com/partido/temporada-2025-2026-laliga-ea-sports-real-madrid-rcd-espanyol-de-barcelona-5 (Attempt 1)
2026-02-07 12:29:36,790 - INFO -   Found 14 events
2026-02-07 12:29:37,689 - INFO - Processing Match [J5]: https://www.laliga.com/partido/temporada-2025-2026-laliga-ea-sports-girona-fc-levante-ud-5 (Attempt 1)
2026-02-07 12:29:41,132 - INFO -   Found 22 events
2026-02-07 12:29:42,264 - INFO - Processing Match [J5]: https://www.laliga.com/partido/temporada-2025-2026-laliga-ea-sports-rayo-vallecano-rc-celta-5 (Attempt 1)
2026-02-07 12:29:44,455 - INFO -   Found 14 events
2026-02-07 12:29:45,427 - INFO - Processing Match [J5]: https://www.laliga.com/partido/temporada-2025-2026-laliga-ea-sports-elche-cf-real-oviedo-5 (Attempt 1)
2026-02-07 12:29:47,990 - INFO -   Found 15 events
2026-02-07 12:29:49,194 - INFO - Processing Match [J5]: https://www.laliga.com/partido/temporada-2025-2026-laliga-ea-sports-villarreal-cf-ca-osasuna-5 (Attempt 1)
2026-02-07 12:29:51,005 - INFO -   Found 18 events
2026-02-07 12:29:51,990 - INFO - Processing Match [J5]: https://www.laliga.com/partido/temporada-2025-2026-laliga-ea-sports-real-betis-real-sociedad-5 (Attempt 1)
2026-02-07 12:29:55,822 - INFO -   Found 24 events
2026-02-07 12:29:57,029 - INFO - Processing Match [J5]: https://www.laliga.com/partido/temporada-2025-2026-laliga-ea-sports-valencia-cf-athletic-club-5 (Attempt 1)
2026-02-07 12:29:59,950 - INFO -   Found 16 events
2026-02-07 12:30:01,042 - INFO - Processing Match [J5]: https://www.laliga.com/partido/temporada-2025-2026-laliga-ea-sports-rcd-mallorca-atletico-de-madrid-5 (Attempt 1)
2026-02-07 12:30:03,237 - INFO -   Found 15 events
2026-02-07 12:30:04,598 - INFO - Processing Match [J5]: https://www.laliga.com/partido/temporada-2025-2026-laliga-ea-sports-fc-barcelona-getafe-cf-5 (Attempt 1)
2026-02-07 12:30:08,294 - INFO -   Found 20 events
2026-02-07 12:30:09,299 - INFO - Processing Match [J5]: https://www.laliga.com/partido/temporada-2025-2026-laliga-ea-sports-deportivo-alaves-sevilla-fc-5 (Attempt 1)
2026-02-07 12:30:12,404 - INFO -   Found 22 events
2026-02-07 12:30:13,730 - INFO - 
============================================================
2026-02-07 12:30:13,730 - INFO - JORNADA 6
2026-02-07 12:30:13,731 - INFO - ============================================================
2026-02-07 12:30:17,046 - INFO - Found 10 matches
2026-02-07 12:30:17,046 - INFO - Processing Match [J6]: https://www.laliga.com/partido/temporada-2025-2026-laliga-ea-sports-athletic-club-girona-fc-6 (Attempt 1)
2026-02-07 12:30:20,922 - INFO -   Found 14 events
2026-02-07 12:30:22,235 - INFO - Processing Match [J6]: https://www.laliga.com/partido/temporada-2025-2026-laliga-ea-sports-real-oviedo-fc-barcelona-6 (Attempt 1)
2026-02-07 12:30:25,906 - INFO -   Found 15 events
2026-02-07 12:30:26,934 - INFO - Processing Match [J6]: https://www.laliga.com/partido/temporada-2025-2026-laliga-ea-sports-levante-ud-real-madrid-6 (Attempt 1)
2026-02-07 12:30:30,539 - INFO -   Found 17 events
2026-02-07 12:30:31,903 - INFO - Processing Match [J6]: https://www.laliga.com/partido/temporada-2025-2026-laliga-ea-sports-real-sociedad-rcd-mallorca-6 (Attempt 1)
2026-02-07 12:30:36,582 - INFO -   Found 16 events
2026-02-07 12:30:37,620 - INFO - Processing Match [J6]: https://www.laliga.com/partido/temporada-2025-2026-laliga-ea-sports-ca-osasuna-elche-cf-6 (Attempt 1)
2026-02-07 12:30:40,953 - INFO -   Found 16 events
2026-02-07 12:30:42,254 - INFO - Processing Match [J6]: https://www.laliga.com/partido/temporada-2025-2026-laliga-ea-sports-atletico-de-madrid-rayo-vallecano-6 (Attempt 1)
2026-02-07 12:30:45,929 - INFO -   Found 24 events
2026-02-07 12:30:46,946 - INFO - Processing Match [J6]: https://www.laliga.com/partido/temporada-2025-2026-laliga-ea-sports-sevilla-fc-villarreal-cf-6 (Attempt 1)
2026-02-07 12:30:50,435 - INFO -   Found 18 events
2026-02-07 12:30:51,472 - INFO - Processing Match [J6]: https://www.laliga.com/partido/temporada-2025-2026-laliga-ea-sports-rc-celta-real-betis-6 (Attempt 1)
2026-02-07 12:30:55,016 - INFO -   Found 15 events
2026-02-07 12:30:56,455 - INFO - Processing Match [J6]: https://www.laliga.com/partido/temporada-2025-2026-laliga-ea-sports-getafe-cf-deportivo-alaves-6 (Attempt 1)
2026-02-07 12:30:59,905 - INFO -   Found 17 events
2026-02-07 12:31:01,138 - INFO - Processing Match [J6]: https://www.laliga.com/partido/temporada-2025-2026-laliga-ea-sports-rcd-espanyol-de-barcelona-valencia-cf-6 (Attempt 1)
2026-02-07 12:31:05,729 - INFO -   Found 19 events
2026-02-07 12:31:07,147 - INFO - 
============================================================
2026-02-07 12:31:07,149 - INFO - JORNADA 7
2026-02-07 12:31:07,149 - INFO - ============================================================
2026-02-07 12:31:10,049 - INFO - Found 10 matches
2026-02-07 12:31:10,049 - INFO - Processing Match [J7]: https://www.laliga.com/partido/temporada-2025-2026-laliga-ea-sports-getafe-cf-levante-ud-7 (Attempt 1)
2026-02-07 12:31:13,741 - INFO -   Found 19 events
2026-02-07 12:31:14,930 - INFO - Processing Match [J7]: https://www.laliga.com/partido/temporada-2025-2026-laliga-ea-sports-rcd-mallorca-deportivo-alaves-7 (Attempt 1)
2026-02-07 12:31:18,502 - INFO -   Found 16 events
2026-02-07 12:31:19,585 - INFO - Processing Match [J7]: https://www.laliga.com/partido/temporada-2025-2026-laliga-ea-sports-fc-barcelona-real-sociedad-7 (Attempt 1)
2026-02-07 12:31:23,126 - INFO -   Found 16 events
2026-02-07 12:31:24,399 - INFO - Processing Match [J7]: https://www.laliga.com/partido/temporada-2025-2026-laliga-ea-sports-atletico-de-madrid-real-madrid-7 (Attempt 1)
2026-02-07 12:31:29,108 - INFO -   Found 27 events
2026-02-07 12:31:30,578 - INFO - Processing Match [J7]: https://www.laliga.com/partido/temporada-2025-2026-laliga-ea-sports-rayo-vallecano-sevilla-fc-7 (Attempt 1)
2026-02-07 12:31:36,345 - INFO -   Found 17 events
2026-02-07 12:31:37,720 - INFO - Processing Match [J7]: https://www.laliga.com/partido/temporada-2025-2026-laliga-ea-sports-elche-cf-rc-celta-7 (Attempt 1)
2026-02-07 12:31:41,710 - INFO -   Found 21 events
2026-02-07 12:31:42,579 - INFO - Processing Match [J7]: https://www.laliga.com/partido/temporada-2025-2026-laliga-ea-sports-girona-fc-rcd-espanyol-de-barcelona-7 (Attempt 1)
2026-02-07 12:31:46,188 - INFO -   Found 11 events
2026-02-07 12:31:47,481 - INFO - Processing Match [J7]: https://www.laliga.com/partido/temporada-2025-2026-laliga-ea-sports-valencia-cf-real-oviedo-7 (Attempt 1)
2026-02-07 12:31:52,325 - INFO -   Found 20 events
2026-02-07 12:31:53,669 - INFO - Processing Match [J7]: https://www.laliga.com/partido/temporada-2025-2026-laliga-ea-sports-real-betis-ca-osasuna-7 (Attempt 1)
2026-02-07 12:31:57,510 - INFO -   Found 12 events
2026-02-07 12:31:58,826 - INFO - Processing Match [J7]: https://www.laliga.com/partido/temporada-2025-2026-laliga-ea-sports-villarreal-cf-athletic-club-7 (Attempt 1)
2026-02-07 12:32:03,094 - INFO -   Found 13 events
2026-02-07 12:32:04,239 - INFO - 
============================================================
2026-02-07 12:32:04,239 - INFO - JORNADA 8
2026-02-07 12:32:04,239 - INFO - ============================================================
2026-02-07 12:32:06,845 - INFO - Found 10 matches
2026-02-07 12:32:06,845 - INFO - Processing Match [J8]: https://www.laliga.com/partido/temporada-2025-2026-laliga-ea-sports-real-oviedo-levante-ud-8 (Attempt 1)
2026-02-07 12:32:10,633 - INFO -   Found 16 events
2026-02-07 12:32:11,998 - INFO - Processing Match [J8]: https://www.laliga.com/partido/temporada-2025-2026-laliga-ea-sports-girona-fc-valencia-cf-8 (Attempt 1)
2026-02-07 12:32:15,669 - INFO -   Found 19 events
2026-02-07 12:32:16,730 - INFO - Processing Match [J8]: https://www.laliga.com/partido/temporada-2025-2026-laliga-ea-sports-athletic-club-rcd-mallorca-8 (Attempt 1)
2026-02-07 12:32:20,016 - INFO -   Found 25 events
2026-02-07 12:32:21,180 - INFO - Processing Match [J8]: https://www.laliga.com/partido/temporada-2025-2026-laliga-ea-sports-rc-celta-atletico-de-madrid-8 (Attempt 1)
2026-02-07 12:32:25,490 - INFO -   Found 16 events
2026-02-07 12:32:26,957 - INFO - Processing Match [J8]: https://www.laliga.com/partido/temporada-2025-2026-laliga-ea-sports-sevilla-fc-fc-barcelona-8 (Attempt 1)
2026-02-07 12:32:30,538 - INFO -   Found 29 events
2026-02-07 12:32:31,864 - INFO - Processing Match [J8]: https://www.laliga.com/partido/temporada-2025-2026-laliga-ea-sports-real-sociedad-rayo-vallecano-8 (Attempt 1)
2026-02-07 12:32:36,536 - INFO -   Found 13 events
2026-02-07 12:32:37,849 - INFO - Processing Match [J8]: https://www.laliga.com/partido/temporada-2025-2026-laliga-ea-sports-deportivo-alaves-elche-cf-8 (Attempt 1)
2026-02-07 12:32:41,442 - INFO -   Found 19 events
2026-02-07 12:32:42,370 - INFO - Processing Match [J8]: https://www.laliga.com/partido/temporada-2025-2026-laliga-ea-sports-ca-osasuna-getafe-cf-8 (Attempt 1)
2026-02-07 12:32:45,916 - INFO -   Found 17 events
2026-02-07 12:32:47,391 - INFO - Processing Match [J8]: https://www.laliga.com/partido/temporada-2025-2026-laliga-ea-sports-real-madrid-villarreal-cf-8 (Attempt 1)
2026-02-07 12:32:51,890 - INFO -   Found 19 events
2026-02-07 12:32:53,239 - INFO - Processing Match [J8]: https://www.laliga.com/partido/temporada-2025-2026-laliga-ea-sports-rcd-espanyol-de-barcelona-real-betis-8 (Attempt 1)
2026-02-07 12:32:57,297 - INFO -   Found 22 events
2026-02-07 12:32:58,702 - INFO - 
============================================================
2026-02-07 12:32:58,703 - INFO - JORNADA 9
2026-02-07 12:32:58,704 - INFO - ============================================================
2026-02-07 12:33:01,355 - INFO - Found 10 matches
2026-02-07 12:33:01,355 - INFO - Processing Match [J9]: https://www.laliga.com/partido/temporada-2025-2026-laliga-ea-sports-deportivo-alaves-valencia-cf-9 (Attempt 1)
2026-02-07 12:33:04,887 - INFO -   Found 11 events
2026-02-07 12:33:06,254 - INFO - Processing Match [J9]: https://www.laliga.com/partido/temporada-2025-2026-laliga-ea-sports-rc-celta-real-sociedad-9 (Attempt 1)
2026-02-07 12:33:10,053 - INFO -   Found 20 events
2026-02-07 12:33:11,466 - INFO - Processing Match [J9]: https://www.laliga.com/partido/temporada-2025-2026-laliga-ea-sports-real-oviedo-rcd-espanyol-de-barcelona-9 (Attempt 1)
2026-02-07 12:33:14,352 - INFO -   Found 16 events
2026-02-07 12:33:15,661 - INFO - Processing Match [J9]: https://www.laliga.com/partido/temporada-2025-2026-laliga-ea-sports-getafe-cf-real-madrid-9 (Attempt 1)
2026-02-07 12:33:19,326 - INFO -   Found 16 events
2026-02-07 12:33:20,195 - INFO - Processing Match [J9]: https://www.laliga.com/partido/temporada-2025-2026-laliga-ea-sports-elche-cf-athletic-club-9 (Attempt 1)
2026-02-07 12:33:23,996 - INFO -   Found 16 events
2026-02-07 12:33:24,826 - INFO - Processing Match [J9]: https://www.laliga.com/partido/temporada-2025-2026-laliga-ea-sports-levante-ud-rayo-vallecano-9 (Attempt 1)
2026-02-07 12:33:28,183 - INFO -   Found 15 events
2026-02-07 12:33:29,594 - INFO - Processing Match [J9]: https://www.laliga.com/partido/temporada-2025-2026-laliga-ea-sports-atletico-de-madrid-ca-osasuna-9 (Attempt 1)
2026-02-07 12:33:32,921 - INFO -   Found 17 events
2026-02-07 12:33:34,072 - INFO - Processing Match [J9]: https://www.laliga.com/partido/temporada-2025-2026-laliga-ea-sports-fc-barcelona-girona-fc-9 (Attempt 1)
2026-02-07 12:33:37,746 - INFO -   Found 19 events
2026-02-07 12:33:38,741 - INFO - Processing Match [J9]: https://www.laliga.com/partido/temporada-2025-2026-laliga-ea-sports-sevilla-fc-rcd-mallorca-9 (Attempt 1)
2026-02-07 12:33:43,567 - INFO -   Found 17 events
2026-02-07 12:33:45,009 - INFO - Processing Match [J9]: https://www.laliga.com/partido/temporada-2025-2026-laliga-ea-sports-villarreal-cf-real-betis-9 (Attempt 1)
2026-02-07 12:33:48,339 - INFO -   Found 14 events
2026-02-07 12:33:49,419 - INFO - 
============================================================
2026-02-07 12:33:49,421 - INFO - JORNADA 10
2026-02-07 12:33:49,421 - INFO - ============================================================
2026-02-07 12:33:53,271 - INFO - Found 10 matches
2026-02-07 12:33:53,272 - INFO - Processing Match [J10]: https://www.laliga.com/partido/temporada-2025-2026-laliga-ea-sports-rayo-vallecano-deportivo-alaves-10 (Attempt 1)
2026-02-07 12:33:56,544 - INFO -   Found 15 events
2026-02-07 12:33:57,382 - INFO - Processing Match [J10]: https://www.laliga.com/partido/temporada-2025-2026-laliga-ea-sports-valencia-cf-villarreal-cf-10 (Attempt 1)
2026-02-07 12:34:00,673 - INFO -   Found 19 events
2026-02-07 12:34:01,847 - INFO - Processing Match [J10]: https://www.laliga.com/partido/temporada-2025-2026-laliga-ea-sports-athletic-club-getafe-cf-10 (Attempt 1)
2026-02-07 12:34:05,490 - INFO -   Found 13 events
2026-02-07 12:34:06,753 - INFO - Processing Match [J10]: https://www.laliga.com/partido/temporada-2025-2026-laliga-ea-sports-rcd-mallorca-levante-ud-10 (Attempt 1)
2026-02-07 12:34:10,986 - INFO -   Found 16 events
2026-02-07 12:34:12,219 - INFO - Processing Match [J10]: https://www.laliga.com/partido/temporada-2025-2026-laliga-ea-sports-ca-osasuna-rc-celta-10 (Attempt 1)
2026-02-07 12:34:15,507 - INFO -   Found 23 events
2026-02-07 12:34:17,018 - INFO - Processing Match [J10]: https://www.laliga.com/partido/temporada-2025-2026-laliga-ea-sports-real-betis-atletico-de-madrid-10 (Attempt 1)
2026-02-07 12:34:21,918 - INFO -   Found 15 events
2026-02-07 12:34:23,152 - INFO - Processing Match [J10]: https://www.laliga.com/partido/temporada-2025-2026-laliga-ea-sports-real-sociedad-sevilla-fc-10 (Attempt 1)
2026-02-07 12:34:27,975 - INFO -   Found 17 events
2026-02-07 12:34:28,882 - INFO - Processing Match [J10]: https://www.laliga.com/partido/temporada-2025-2026-laliga-ea-sports-real-madrid-fc-barcelona-10 (Attempt 1)
2026-02-07 12:34:37,078 - INFO -   Found 27 events
2026-02-07 12:34:38,357 - INFO - Processing Match [J10]: https://www.laliga.com/partido/temporada-2025-2026-laliga-ea-sports-girona-fc-real-oviedo-10 (Attempt 1)
2026-02-07 12:34:43,567 - INFO -   Found 25 events
2026-02-07 12:34:44,451 - INFO - Processing Match [J10]: https://www.laliga.com/partido/temporada-2025-2026-laliga-ea-sports-rcd-espanyol-de-barcelona-elche-cf-10 (Attempt 1)
2026-02-07 12:34:48,167 - INFO -   Found 17 events
2026-02-07 12:34:49,603 - INFO - 
============================================================
2026-02-07 12:34:49,605 - INFO - JORNADA 11
2026-02-07 12:34:49,606 - INFO - ============================================================
2026-02-07 12:34:52,454 - INFO - Found 10 matches
2026-02-07 12:34:52,455 - INFO - Processing Match [J11]: https://www.laliga.com/partido/temporada-2025-2026-laliga-ea-sports-real-oviedo-ca-osasuna-11 (Attempt 1)
2026-02-07 12:34:56,136 - INFO -   Found 12 events
2026-02-07 12:34:56,971 - INFO - Processing Match [J11]: https://www.laliga.com/partido/temporada-2025-2026-laliga-ea-sports-fc-barcelona-elche-cf-11 (Attempt 1)
2026-02-07 12:35:00,883 - INFO -   Found 15 events
2026-02-07 12:35:01,725 - INFO - Processing Match [J11]: https://www.laliga.com/partido/temporada-2025-2026-laliga-ea-sports-villarreal-cf-rayo-vallecano-11 (Attempt 1)
2026-02-07 12:35:05,996 - INFO -   Found 16 events
2026-02-07 12:35:07,255 - INFO - Processing Match [J11]: https://www.laliga.com/partido/temporada-2025-2026-laliga-ea-sports-atletico-de-madrid-sevilla-fc-11 (Attempt 1)
2026-02-07 12:35:10,655 - INFO -   Found 17 events
2026-02-07 12:35:11,583 - INFO - Processing Match [J11]: https://www.laliga.com/partido/temporada-2025-2026-laliga-ea-sports-levante-ud-rc-celta-11 (Attempt 1)
2026-02-07 12:35:15,332 - INFO -   Found 21 events
2026-02-07 12:35:16,515 - INFO - Processing Match [J11]: https://www.laliga.com/partido/temporada-2025-2026-laliga-ea-sports-real-madrid-valencia-cf-11 (Attempt 1)
2026-02-07 12:35:18,658 - INFO -   Found 18 events
2026-02-07 12:35:19,608 - INFO - Processing Match [J11]: https://www.laliga.com/partido/temporada-2025-2026-laliga-ea-sports-real-betis-rcd-mallorca-11 (Attempt 1)
2026-02-07 12:35:23,080 - INFO -   Found 16 events
2026-02-07 12:35:24,098 - INFO - Processing Match [J11]: https://www.laliga.com/partido/temporada-2025-2026-laliga-ea-sports-real-sociedad-athletic-club-11 (Attempt 1)
2026-02-07 12:35:28,100 - INFO -   Found 19 events
2026-02-07 12:35:29,076 - INFO - Processing Match [J11]: https://www.laliga.com/partido/temporada-2025-2026-laliga-ea-sports-deportivo-alaves-rcd-espanyol-de-barcelona-11 (Attempt 1)
2026-02-07 12:35:32,488 - INFO -   Found 20 events
2026-02-07 12:35:33,999 - INFO - Processing Match [J11]: https://www.laliga.com/partido/temporada-2025-2026-laliga-ea-sports-getafe-cf-girona-fc-11 (Attempt 1)
2026-02-07 12:35:36,883 - INFO -   Found 16 events
2026-02-07 12:35:38,340 - INFO - 
============================================================
2026-02-07 12:35:38,341 - INFO - JORNADA 12
2026-02-07 12:35:38,342 - INFO - ============================================================
2026-02-07 12:35:41,169 - INFO - Found 10 matches
2026-02-07 12:35:41,170 - INFO - Processing Match [J12]: https://www.laliga.com/partido/temporada-2025-2026-laliga-ea-sports-valencia-cf-real-betis-12 (Attempt 1)
2026-02-07 12:35:44,809 - INFO -   Found 16 events
2026-02-07 12:35:46,291 - INFO - Processing Match [J12]: https://www.laliga.com/partido/temporada-2025-2026-laliga-ea-sports-sevilla-fc-ca-osasuna-12 (Attempt 1)
2026-02-07 12:35:49,519 - INFO -   Found 17 events
2026-02-07 12:35:50,862 - INFO - Processing Match [J12]: https://www.laliga.com/partido/temporada-2025-2026-laliga-ea-sports-athletic-club-real-oviedo-12 (Attempt 1)
2026-02-07 12:35:57,695 - INFO -   Found 14 events
2026-02-07 12:35:58,649 - INFO - Processing Match [J12]: https://www.laliga.com/partido/temporada-2025-2026-laliga-ea-sports-rayo-vallecano-real-madrid-12 (Attempt 1)
2026-02-07 12:36:02,519 - INFO -   Found 14 events
2026-02-07 12:36:03,569 - INFO - Processing Match [J12]: https://www.laliga.com/partido/temporada-2025-2026-laliga-ea-sports-girona-fc-deportivo-alaves-12 (Attempt 1)
2026-02-07 12:36:06,870 - INFO -   Found 15 events
2026-02-07 12:36:08,158 - INFO - Processing Match [J12]: https://www.laliga.com/partido/temporada-2025-2026-laliga-ea-sports-atletico-de-madrid-levante-ud-12 (Attempt 1)
2026-02-07 12:36:13,622 - INFO -   Found 19 events
2026-02-07 12:36:14,754 - INFO - Processing Match [J12]: https://www.laliga.com/partido/temporada-2025-2026-laliga-ea-sports-rc-celta-fc-barcelona-12 (Attempt 1)
2026-02-07 12:36:18,269 - INFO -   Found 22 events
2026-02-07 12:36:19,773 - INFO - Processing Match [J12]: https://www.laliga.com/partido/temporada-2025-2026-laliga-ea-sports-elche-cf-real-sociedad-12 (Attempt 1)
2026-02-07 12:36:23,386 - INFO -   Found 18 events
2026-02-07 12:36:24,495 - INFO - Processing Match [J12]: https://www.laliga.com/partido/temporada-2025-2026-laliga-ea-sports-rcd-espanyol-de-barcelona-villarreal-cf-12 (Attempt 1)
2026-02-07 12:36:27,980 - INFO -   Found 14 events
2026-02-07 12:36:28,857 - INFO - Processing Match [J12]: https://www.laliga.com/partido/temporada-2025-2026-laliga-ea-sports-rcd-mallorca-getafe-cf-12 (Attempt 1)
2026-02-07 12:36:31,992 - INFO -   Found 12 events
2026-02-07 12:36:32,820 - INFO - 
============================================================
2026-02-07 12:36:32,821 - INFO - JORNADA 13
2026-02-07 12:36:32,822 - INFO - ============================================================
2026-02-07 12:36:35,840 - INFO - Found 10 matches
2026-02-07 12:36:35,842 - INFO - Processing Match [J13]: https://www.laliga.com/partido/temporada-2025-2026-laliga-ea-sports-fc-barcelona-athletic-club-13 (Attempt 1)
2026-02-07 12:36:39,439 - INFO -   Found 19 events
2026-02-07 12:36:40,623 - INFO - Processing Match [J13]: https://www.laliga.com/partido/temporada-2025-2026-laliga-ea-sports-villarreal-cf-rcd-mallorca-13 (Attempt 1)
2026-02-07 12:36:44,176 - INFO -   Found 20 events
2026-02-07 12:36:45,329 - INFO - Processing Match [J13]: https://www.laliga.com/partido/temporada-2025-2026-laliga-ea-sports-real-betis-girona-fc-13 (Attempt 1)
2026-02-07 12:36:49,026 - INFO -   Found 20 events
2026-02-07 12:36:50,441 - INFO - Processing Match [J13]: https://www.laliga.com/partido/temporada-2025-2026-laliga-ea-sports-ca-osasuna-real-sociedad-13 (Attempt 1)
2026-02-07 12:36:53,620 - INFO -   Found 20 events
2026-02-07 12:36:54,662 - INFO - Processing Match [J13]: https://www.laliga.com/partido/temporada-2025-2026-laliga-ea-sports-real-oviedo-rayo-vallecano-13 (Attempt 1)
2026-02-07 12:37:00,373 - INFO -   Found 15 events
2026-02-07 12:37:01,550 - INFO - Processing Match [J13]: https://www.laliga.com/partido/temporada-2025-2026-laliga-ea-sports-getafe-cf-atletico-de-madrid-13 (Attempt 1)
2026-02-07 12:37:07,466 - INFO -   Found 17 events
2026-02-07 12:37:08,288 - INFO - Processing Match [J13]: https://www.laliga.com/partido/temporada-2025-2026-laliga-ea-sports-deportivo-alaves-rc-celta-13 (Attempt 1)
2026-02-07 12:37:12,742 - INFO -   Found 15 events
2026-02-07 12:37:14,197 - INFO - Processing Match [J13]: https://www.laliga.com/partido/temporada-2025-2026-laliga-ea-sports-valencia-cf-levante-ud-13 (Attempt 1)
2026-02-07 12:37:18,307 - INFO -   Found 20 events
2026-02-07 12:37:20,439 - INFO - Processing Match [J13]: https://www.laliga.com/partido/temporada-2025-2026-laliga-ea-sports-rcd-espanyol-de-barcelona-sevilla-fc-13 (Attempt 1)
2026-02-07 12:37:24,212 - INFO -   Found 18 events
2026-02-07 12:37:25,338 - INFO - Processing Match [J13]: https://www.laliga.com/partido/temporada-2025-2026-laliga-ea-sports-elche-cf-real-madrid-13 (Attempt 1)
2026-02-07 12:37:28,599 - INFO -   Found 20 events
2026-02-07 12:37:30,063 - INFO - 
============================================================
2026-02-07 12:37:30,064 - INFO - JORNADA 14
2026-02-07 12:37:30,066 - INFO - ============================================================
2026-02-07 12:37:32,635 - INFO - Found 10 matches
2026-02-07 12:37:32,635 - INFO - Processing Match [J14]: https://www.laliga.com/partido/temporada-2025-2026-laliga-ea-sports-sevilla-fc-real-betis-14 (Attempt 1)
2026-02-07 12:37:35,672 - INFO - Processing Match [J7]: https://www.laliga.com/partido/temporada-2025-2026-laliga-ea-sports-villarreal-cf-athletic-club-7 (Attempt 1)
2026-02-07 12:37:36,644 - INFO -   Found 18 events
2026-02-07 12:37:37,926 - INFO - Processing Match [J14]: https://www.laliga.com/partido/temporada-2025-2026-laliga-ea-sports-rayo-vallecano-valencia-cf-14 (Attempt 1)
2026-02-07 12:37:41,592 - INFO -   Found 14 events
2026-02-07 12:37:42,799 - INFO - Processing Match [J14]: https://www.laliga.com/partido/temporada-2025-2026-laliga-ea-sports-rcd-mallorca-ca-osasuna-14 (Attempt 1)
2026-02-07 12:37:45,156 - INFO -   Found 13 events
2026-02-07 12:37:47,209 - INFO -   Found 21 events
2026-02-07 12:37:48,276 - INFO - Processing Match [J14]: https://www.laliga.com/partido/temporada-2025-2026-laliga-ea-sports-rc-celta-rcd-espanyol-de-barcelona-14 (Attempt 1)
2026-02-07 12:37:52,295 - INFO -   Found 15 events
2026-02-07 12:37:53,344 - INFO - Processing Match [J14]: https://www.laliga.com/partido/temporada-2025-2026-laliga-ea-sports-girona-fc-real-madrid-14 (Attempt 1)
2026-02-07 12:37:57,445 - INFO -   Found 15 events
2026-02-07 12:37:58,334 - INFO - Processing Match [J14]: https://www.laliga.com/partido/temporada-2025-2026-laliga-ea-sports-atletico-de-madrid-real-oviedo-14 (Attempt 1)
2026-02-07 12:38:01,992 - INFO -   Found 13 events
2026-02-07 12:38:03,322 - INFO - Processing Match [J14]: https://www.laliga.com/partido/temporada-2025-2026-laliga-ea-sports-getafe-cf-elche-cf-14 (Attempt 1)
2026-02-07 12:38:06,984 - INFO -   Found 14 events
2026-02-07 12:38:08,340 - INFO - Processing Match [J14]: https://www.laliga.com/partido/temporada-2025-2026-laliga-ea-sports-levante-ud-athletic-club-14 (Attempt 1)
2026-02-07 12:38:11,685 - INFO -   Found 18 events
2026-02-07 12:38:12,973 - INFO - Processing Match [J14]: https://www.laliga.com/partido/temporada-2025-2026-laliga-ea-sports-real-sociedad-villarreal-cf-14 (Attempt 1)
2026-02-07 12:38:17,441 - INFO -   Found 27 events
2026-02-07 12:38:18,585 - INFO - Processing Match [J14]: https://www.laliga.com/partido/temporada-2025-2026-laliga-ea-sports-fc-barcelona-deportivo-alaves-14 (Attempt 1)
2026-02-07 12:38:22,938 - INFO -   Found 19 events
2026-02-07 12:38:24,440 - INFO - 
============================================================
2026-02-07 12:38:24,442 - INFO - JORNADA 15
2026-02-07 12:38:24,442 - INFO - ============================================================
2026-02-07 12:38:27,099 - INFO - Found 10 matches
2026-02-07 12:38:27,105 - INFO - Processing Match [J15]: https://www.laliga.com/partido/temporada-2025-2026-laliga-ea-sports-athletic-club-atletico-de-madrid-15 (Attempt 1)
2026-02-07 12:38:30,416 - INFO -   Found 16 events
2026-02-07 12:38:31,814 - INFO - Processing Match [J15]: https://www.laliga.com/partido/temporada-2025-2026-laliga-ea-sports-deportivo-alaves-real-sociedad-15 (Attempt 1)
2026-02-07 12:38:36,357 - INFO -   Found 15 events
2026-02-07 12:38:37,534 - INFO - Processing Match [J15]: https://www.laliga.com/partido/temporada-2025-2026-laliga-ea-sports-elche-cf-girona-fc-15 (Attempt 1)
2026-02-07 12:38:40,844 - INFO -   Found 16 events
2026-02-07 12:38:42,312 - INFO - Processing Match [J15]: https://www.laliga.com/partido/temporada-2025-2026-laliga-ea-sports-valencia-cf-sevilla-fc-15 (Attempt 1)
2026-02-07 12:38:45,663 - INFO -   Found 20 events
2026-02-07 12:38:47,138 - INFO - Processing Match [J15]: https://www.laliga.com/partido/temporada-2025-2026-laliga-ea-sports-real-betis-fc-barcelona-15 (Attempt 1)
2026-02-07 12:38:50,785 - INFO -   Found 26 events
2026-02-07 12:38:52,060 - INFO - Processing Match [J15]: https://www.laliga.com/partido/temporada-2025-2026-laliga-ea-sports-real-oviedo-rcd-mallorca-15 (Attempt 1)
2026-02-07 12:38:56,425 - INFO -   Found 15 events
2026-02-07 12:38:57,788 - INFO - Processing Match [J15]: https://www.laliga.com/partido/temporada-2025-2026-laliga-ea-sports-rcd-espanyol-de-barcelona-rayo-vallecano-15 (Attempt 1)
2026-02-07 12:39:07,294 - INFO -   Found 23 events
2026-02-07 12:39:08,218 - INFO - Processing Match [J15]: https://www.laliga.com/partido/temporada-2025-2026-laliga-ea-sports-villarreal-cf-getafe-cf-15 (Attempt 1)
2026-02-07 12:39:12,045 - INFO -   Found 20 events
2026-02-07 12:39:13,487 - INFO - Processing Match [J15]: https://www.laliga.com/partido/temporada-2025-2026-laliga-ea-sports-real-madrid-rc-celta-15 (Attempt 1)
2026-02-07 12:39:17,197 - INFO -   Found 20 events
2026-02-07 12:39:18,465 - INFO - Processing Match [J15]: https://www.laliga.com/partido/temporada-2025-2026-laliga-ea-sports-ca-osasuna-levante-ud-15 (Attempt 1)
2026-02-07 12:39:21,857 - INFO -   Found 16 events
2026-02-07 12:39:22,959 - INFO - 
============================================================
2026-02-07 12:39:22,960 - INFO - JORNADA 16
2026-02-07 12:39:22,960 - INFO - ============================================================
2026-02-07 12:39:24,556 - INFO - Processing Match [J7]: https://www.laliga.com/partido/temporada-2025-2026-laliga-ea-sports-villarreal-cf-athletic-club-7 (Attempt 1)
2026-02-07 12:39:26,212 - INFO - Found 10 matches
2026-02-07 12:39:26,212 - INFO - Processing Match [J16]: https://www.laliga.com/partido/temporada-2025-2026-laliga-ea-sports-sevilla-fc-real-oviedo-16 (Attempt 1)
2026-02-07 12:39:27,332 - INFO -   Found 13 events
2026-02-07 12:39:29,463 - INFO -   Found 17 events
2026-02-07 12:39:30,557 - INFO - Processing Match [J16]: https://www.laliga.com/partido/temporada-2025-2026-laliga-ea-sports-real-sociedad-girona-fc-16 (Attempt 1)
2026-02-07 12:39:35,829 - INFO -   Found 15 events
2026-02-07 12:39:37,319 - INFO - Processing Match [J16]: https://www.laliga.com/partido/temporada-2025-2026-laliga-ea-sports-getafe-cf-rcd-espanyol-de-barcelona-16 (Attempt 1)
2026-02-07 12:39:41,667 - INFO -   Found 16 events
2026-02-07 12:39:43,013 - INFO - Processing Match [J16]: https://www.laliga.com/partido/temporada-2025-2026-laliga-ea-sports-rayo-vallecano-real-betis-16 (Attempt 1)
2026-02-07 12:39:48,103 - INFO -   Found 14 events
2026-02-07 12:39:49,403 - INFO - Processing Match [J16]: https://www.laliga.com/partido/temporada-2025-2026-laliga-ea-sports-deportivo-alaves-real-madrid-16 (Attempt 1)
2026-02-07 12:39:54,520 - INFO -   Found 17 events
2026-02-07 12:39:55,498 - INFO - Processing Match [J16]: https://www.laliga.com/partido/temporada-2025-2026-laliga-ea-sports-rc-celta-athletic-club-16 (Attempt 1)
2026-02-07 12:39:59,450 - INFO -   Found 19 events
2026-02-07 12:40:00,820 - INFO - Processing Match [J16]: https://www.laliga.com/partido/temporada-2025-2026-laliga-ea-sports-rcd-mallorca-elche-cf-16 (Attempt 1)
2026-02-07 12:40:05,019 - INFO -   Found 17 events
2026-02-07 12:40:06,062 - INFO - Processing Match [J16]: https://www.laliga.com/partido/temporada-2025-2026-laliga-ea-sports-fc-barcelona-ca-osasuna-16 (Attempt 1)
2026-02-07 12:40:10,194 - INFO -   Found 16 events
2026-02-07 12:40:11,530 - INFO - Processing Match [J16]: https://www.laliga.com/partido/temporada-2025-2026-laliga-ea-sports-atletico-de-madrid-valencia-cf-16 (Attempt 1)
2026-02-07 12:40:15,394 - INFO -   Found 19 events
2026-02-07 12:40:16,518 - INFO - Processing Match [J16]: https://www.laliga.com/partido/temporada-2025-2026-laliga-ea-sports-levante-ud-villarreal-cf-16 (Attempt 1)
2026-02-07 12:40:19,625 - INFO - 
============================================================
2026-02-07 12:40:19,626 - INFO - JORNADA 17
2026-02-07 12:40:19,627 - INFO - ============================================================
2026-02-07 12:40:22,587 - INFO - Found 10 matches
2026-02-07 12:40:22,588 - INFO - Processing Match [J17]: https://www.laliga.com/partido/temporada-2025-2026-laliga-ea-sports-ca-osasuna-deportivo-alaves-17 (Attempt 1)
2026-02-07 12:40:25,755 - INFO -   Found 16 events
2026-02-07 12:40:26,701 - INFO - Processing Match [J17]: https://www.laliga.com/partido/temporada-2025-2026-laliga-ea-sports-real-madrid-sevilla-fc-17 (Attempt 1)
2026-02-07 12:40:30,634 - INFO -   Found 22 events
2026-02-07 12:40:32,086 - INFO - Processing Match [J17]: https://www.laliga.com/partido/temporada-2025-2026-laliga-ea-sports-real-oviedo-rc-celta-17 (Attempt 1)
2026-02-07 12:40:37,096 - INFO -   Found 12 events
2026-02-07 12:40:38,344 - INFO - Processing Match [J17]: https://www.laliga.com/partido/temporada-2025-2026-laliga-ea-sports-girona-fc-atletico-de-madrid-17 (Attempt 1)
2026-02-07 12:40:42,226 - INFO -   Found 16 events
2026-02-07 12:40:43,660 - INFO - Processing Match [J17]: https://www.laliga.com/partido/temporada-2025-2026-laliga-ea-sports-levante-ud-real-sociedad-17 (Attempt 1)
2026-02-07 12:40:47,271 - INFO -   Found 20 events
2026-02-07 12:40:48,209 - INFO - Processing Match [J17]: https://www.laliga.com/partido/temporada-2025-2026-laliga-ea-sports-athletic-club-rcd-espanyol-de-barcelona-17 (Attempt 1)
2026-02-07 12:40:51,705 - INFO -   Found 20 events
2026-02-07 12:40:53,149 - INFO - Processing Match [J17]: https://www.laliga.com/partido/temporada-2025-2026-laliga-ea-sports-villarreal-cf-fc-barcelona-17 (Attempt 1)
2026-02-07 12:40:57,601 - INFO -   Found 12 events
2026-02-07 12:40:58,600 - INFO - Processing Match [J17]: https://www.laliga.com/partido/temporada-2025-2026-laliga-ea-sports-real-betis-getafe-cf-17 (Attempt 1)
2026-02-07 12:41:02,898 - INFO -   Found 17 events
2026-02-07 12:41:04,060 - INFO - Processing Match [J17]: https://www.laliga.com/partido/temporada-2025-2026-laliga-ea-sports-valencia-cf-rcd-mallorca-17 (Attempt 1)
2026-02-07 12:41:07,880 - INFO -   Found 17 events
2026-02-07 12:41:08,882 - INFO - Processing Match [J17]: https://www.laliga.com/partido/temporada-2025-2026-laliga-ea-sports-elche-cf-rayo-vallecano-17 (Attempt 1)
2026-02-07 12:41:12,499 - INFO -   Found 20 events
2026-02-07 12:41:13,585 - INFO - 
============================================================
2026-02-07 12:41:13,611 - INFO - JORNADA 18
2026-02-07 12:41:13,627 - INFO - ============================================================
2026-02-07 12:41:16,322 - INFO - Found 10 matches
2026-02-07 12:41:16,323 - INFO - Processing Match [J18]: https://www.laliga.com/partido/temporada-2025-2026-laliga-ea-sports-real-madrid-real-betis-18 (Attempt 1)
2026-02-07 12:41:20,079 - INFO -   Found 18 events
2026-02-07 12:41:21,229 - INFO - Processing Match [J18]: https://www.laliga.com/partido/temporada-2025-2026-laliga-ea-sports-ca-osasuna-athletic-club-18 (Attempt 1)
2026-02-07 12:41:25,225 - INFO -   Found 17 events
2026-02-07 12:41:26,455 - INFO - Processing Match [J18]: https://www.laliga.com/partido/temporada-2025-2026-laliga-ea-sports-sevilla-fc-levante-ud-18 (Attempt 1)
2026-02-07 12:41:30,262 - INFO -   Found 19 events
2026-02-07 12:41:31,381 - INFO - Processing Match [J18]: https://www.laliga.com/partido/temporada-2025-2026-laliga-ea-sports-elche-cf-villarreal-cf-18 (Attempt 1)
2026-02-07 12:41:37,328 - INFO -   Found 20 events
2026-02-07 12:41:38,317 - INFO - Processing Match [J18]: https://www.laliga.com/partido/temporada-2025-2026-laliga-ea-sports-real-sociedad-atletico-de-madrid-18 (Attempt 1)
2026-02-07 12:41:42,370 - INFO -   Found 16 events
2026-02-07 12:41:43,405 - INFO - Processing Match [J18]: https://www.laliga.com/partido/temporada-2025-2026-laliga-ea-sports-deportivo-alaves-real-oviedo-18 (Attempt 1)
2026-02-07 12:41:46,987 - INFO -   Found 19 events
2026-02-07 12:41:48,388 - INFO - Processing Match [J18]: https://www.laliga.com/partido/temporada-2025-2026-laliga-ea-sports-rayo-vallecano-getafe-cf-18 (Attempt 1)
2026-02-07 12:41:50,576 - INFO -   Found 19 events
2026-02-07 12:41:51,592 - INFO - Processing Match [J18]: https://www.laliga.com/partido/temporada-2025-2026-laliga-ea-sports-rcd-mallorca-girona-fc-18 (Attempt 1)
2026-02-07 12:41:55,400 - INFO -   Found 13 events
2026-02-07 12:41:56,478 - INFO - Processing Match [J18]: https://www.laliga.com/partido/temporada-2025-2026-laliga-ea-sports-rc-celta-valencia-cf-18 (Attempt 1)
2026-02-07 12:42:01,117 - INFO -   Found 20 events
2026-02-07 12:42:02,630 - INFO - Processing Match [J18]: https://www.laliga.com/partido/temporada-2025-2026-laliga-ea-sports-rcd-espanyol-de-barcelona-fc-barcelona-18 (Attempt 1)
2026-02-07 12:42:07,431 - INFO -   Found 12 events
2026-02-07 12:42:08,800 - INFO - 
============================================================
2026-02-07 12:42:08,800 - INFO - JORNADA 19
2026-02-07 12:42:08,801 - INFO - ============================================================
2026-02-07 12:42:11,540 - INFO - Found 10 matches
2026-02-07 12:42:11,540 - INFO - Processing Match [J19]: https://www.laliga.com/partido/temporada-2025-2026-laliga-ea-sports-athletic-club-real-madrid-19 (Attempt 1)
2026-02-07 12:42:15,053 - INFO -   Found 15 events
2026-02-07 12:42:15,985 - INFO - Processing Match [J19]: https://www.laliga.com/partido/temporada-2025-2026-laliga-ea-sports-levante-ud-rcd-espanyol-de-barcelona-19 (Attempt 1)
2026-02-07 12:42:19,866 - INFO -   Found 13 events
2026-02-07 12:42:20,719 - INFO - Processing Match [J19]: https://www.laliga.com/partido/temporada-2025-2026-laliga-ea-sports-valencia-cf-elche-cf-19 (Attempt 1)
2026-02-07 12:42:24,150 - INFO -   Found 17 events
2026-02-07 12:42:25,571 - INFO - Processing Match [J19]: https://www.laliga.com/partido/temporada-2025-2026-laliga-ea-sports-villarreal-cf-deportivo-alaves-19 (Attempt 1)
2026-02-07 12:42:28,826 - INFO -   Found 15 events
2026-02-07 12:42:29,835 - INFO - Processing Match [J19]: https://www.laliga.com/partido/temporada-2025-2026-laliga-ea-sports-real-oviedo-real-betis-19 (Attempt 1)
2026-02-07 12:42:33,142 - INFO -   Found 15 events
2026-02-07 12:42:34,362 - INFO - Processing Match [J19]: https://www.laliga.com/partido/temporada-2025-2026-laliga-ea-sports-rayo-vallecano-rcd-mallorca-19 (Attempt 1)
2026-02-07 12:42:38,126 - INFO -   Found 21 events
2026-02-07 12:42:39,200 - INFO - Processing Match [J19]: https://www.laliga.com/partido/temporada-2025-2026-laliga-ea-sports-sevilla-fc-rc-celta-19 (Attempt 1)
2026-02-07 12:42:42,566 - INFO -   Found 18 events
2026-02-07 12:42:43,792 - INFO - Processing Match [J19]: https://www.laliga.com/partido/temporada-2025-2026-laliga-ea-sports-fc-barcelona-atletico-de-madrid-19 (Attempt 1)
2026-02-07 12:42:47,752 - INFO -   Found 18 events
2026-02-07 12:42:48,592 - INFO - Processing Match [J19]: https://www.laliga.com/partido/temporada-2025-2026-laliga-ea-sports-girona-fc-ca-osasuna-19 (Attempt 1)
2026-02-07 12:42:53,694 - INFO -   Found 18 events
2026-02-07 12:42:54,948 - INFO - Processing Match [J19]: https://www.laliga.com/partido/temporada-2025-2026-laliga-ea-sports-getafe-cf-real-sociedad-19 (Attempt 1)
2026-02-07 12:42:58,272 - INFO -   Found 16 events
2026-02-07 12:42:59,754 - INFO - 
============================================================
2026-02-07 12:42:59,754 - INFO - JORNADA 20
2026-02-07 12:42:59,755 - INFO - ============================================================
2026-02-07 12:43:02,449 - INFO - Found 10 matches
2026-02-07 12:43:02,450 - INFO - Processing Match [J20]: https://www.laliga.com/partido/temporada-2025-2026-laliga-ea-sports-ca-osasuna-real-oviedo-20 (Attempt 1)
2026-02-07 12:43:05,828 - INFO -   Found 22 events
2026-02-07 12:43:06,996 - INFO - Processing Match [J20]: https://www.laliga.com/partido/temporada-2025-2026-laliga-ea-sports-real-betis-villarreal-cf-20 (Attempt 1)
2026-02-07 12:43:09,733 - INFO -   Found 17 events
2026-02-07 12:43:10,939 - INFO - Processing Match [J20]: https://www.laliga.com/partido/temporada-2025-2026-laliga-ea-sports-elche-cf-sevilla-fc-20 (Attempt 1)
2026-02-07 12:43:14,613 - INFO -   Found 18 events
2026-02-07 12:43:16,045 - INFO - Processing Match [J20]: https://www.laliga.com/partido/temporada-2025-2026-laliga-ea-sports-rcd-espanyol-de-barcelona-girona-fc-20 (Attempt 1)
2026-02-07 12:43:19,496 - INFO -   Found 20 events
2026-02-07 12:43:20,766 - INFO - Processing Match [J20]: https://www.laliga.com/partido/temporada-2025-2026-laliga-ea-sports-getafe-cf-valencia-cf-20 (Attempt 1)
2026-02-07 12:43:24,991 - INFO -   Found 16 events
2026-02-07 12:43:26,103 - INFO - Processing Match [J20]: https://www.laliga.com/partido/temporada-2025-2026-laliga-ea-sports-real-sociedad-fc-barcelona-20 (Attempt 1)
2026-02-07 12:43:29,750 - INFO -   Found 24 events
2026-02-07 12:43:31,175 - INFO - Processing Match [J20]: https://www.laliga.com/partido/temporada-2025-2026-laliga-ea-sports-atletico-de-madrid-deportivo-alaves-20 (Attempt 1)
2026-02-07 12:43:38,206 - INFO -   Found 13 events
2026-02-07 12:43:39,453 - INFO - Processing Match [J20]: https://www.laliga.com/partido/temporada-2025-2026-laliga-ea-sports-rc-celta-rayo-vallecano-20 (Attempt 1)
2026-02-07 12:43:43,157 - INFO -   Found 22 events
2026-02-07 12:43:44,459 - INFO - Processing Match [J20]: https://www.laliga.com/partido/temporada-2025-2026-laliga-ea-sports-real-madrid-levante-ud-20 (Attempt 1)
2026-02-07 12:43:48,131 - INFO -   Found 14 events
2026-02-07 12:43:49,334 - INFO - Processing Match [J20]: https://www.laliga.com/partido/temporada-2025-2026-laliga-ea-sports-rcd-mallorca-athletic-club-20 (Attempt 1)
2026-02-07 12:43:52,743 - INFO -   Found 24 events
2026-02-07 12:43:53,825 - INFO - 
============================================================
2026-02-07 12:43:53,826 - INFO - JORNADA 21
2026-02-07 12:43:53,827 - INFO - ============================================================
2026-02-07 12:43:55,848 - INFO - Found 10 matches
2026-02-07 12:43:55,848 - INFO - Processing Match [J21]: https://www.laliga.com/partido/temporada-2025-2026-laliga-ea-sports-levante-ud-elche-cf-21 (Attempt 1)
2026-02-07 12:43:59,377 - INFO -   Found 18 events
2026-02-07 12:44:00,484 - INFO - Processing Match [J21]: https://www.laliga.com/partido/temporada-2025-2026-laliga-ea-sports-deportivo-alaves-real-betis-21 (Attempt 1)
2026-02-07 12:44:03,917 - INFO -   Found 15 events
2026-02-07 12:44:05,131 - INFO - Processing Match [J21]: https://www.laliga.com/partido/temporada-2025-2026-laliga-ea-sports-villarreal-cf-real-madrid-21 (Attempt 1)
2026-02-07 12:44:08,539 - INFO -   Found 13 events
2026-02-07 12:44:09,405 - INFO - Processing Match [J21]: https://www.laliga.com/partido/temporada-2025-2026-laliga-ea-sports-fc-barcelona-real-oviedo-21 (Attempt 1)
2026-02-07 12:44:12,642 - INFO -   Found 16 events
2026-02-07 12:44:13,742 - INFO - Processing Match [J21]: https://www.laliga.com/partido/temporada-2025-2026-laliga-ea-sports-real-sociedad-rc-celta-21 (Attempt 1)
2026-02-07 12:44:17,450 - INFO -   Found 19 events
2026-02-07 12:44:18,014 - INFO - 
============================================================
2026-02-07 12:44:18,015 - INFO - JORNADA 1
2026-02-07 12:44:18,016 - INFO - ============================================================
2026-02-07 12:44:18,666 - INFO - Processing Match [J21]: https://www.laliga.com/partido/temporada-2025-2026-laliga-ea-sports-sevilla-fc-athletic-club-21 (Attempt 1)
2026-02-07 12:44:20,217 - INFO -   Found 18 events
2026-02-07 12:44:21,086 - INFO - Processing Match [J21]: https://www.laliga.com/partido/temporada-2025-2026-laliga-ea-sports-girona-fc-getafe-cf-21 (Attempt 1)
2026-02-07 12:44:21,277 - INFO - Found 10 matches
2026-02-07 12:44:21,278 - INFO - Processing Match [J1]: https://www.laliga.com/partido/temporada-2025-2026-laliga-ea-sports-deportivo-alaves-levante-ud-1 (Attempt 1)
2026-02-07 12:44:24,376 - INFO -   Found 15 events
2026-02-07 12:44:24,517 - INFO -   Found 14 events
2026-02-07 12:44:25,733 - INFO - Processing Match [J21]: https://www.laliga.com/partido/temporada-2025-2026-laliga-ea-sports-atletico-de-madrid-rcd-mallorca-21 (Attempt 1)
2026-02-07 12:44:25,978 - INFO - Processing Match [J1]: https://www.laliga.com/partido/temporada-2025-2026-laliga-ea-sports-elche-cf-real-betis-1 (Attempt 1)
2026-02-07 12:44:28,961 - INFO -   Found 15 events
2026-02-07 12:44:29,251 - INFO -   Found 12 events
2026-02-07 12:44:29,897 - INFO - Processing Match [J21]: https://www.laliga.com/partido/temporada-2025-2026-laliga-ea-sports-valencia-cf-rcd-espanyol-de-barcelona-21 (Attempt 1)
2026-02-07 12:44:30,479 - INFO - Processing Match [J1]: https://www.laliga.com/partido/temporada-2025-2026-laliga-ea-sports-real-madrid-ca-osasuna-1 (Attempt 1)
2026-02-07 12:44:33,170 - INFO -   Found 21 events
2026-02-07 12:44:33,717 - INFO -   Found 11 events
2026-02-07 12:44:34,219 - INFO - Processing Match [J21]: https://www.laliga.com/partido/temporada-2025-2026-laliga-ea-sports-rayo-vallecano-ca-osasuna-21 (Attempt 1)
2026-02-07 12:44:35,010 - INFO - Processing Match [J1]: https://www.laliga.com/partido/temporada-2025-2026-laliga-ea-sports-athletic-club-sevilla-fc-1 (Attempt 1)
2026-02-07 12:44:37,321 - INFO -   Found 17 events
2026-02-07 12:44:38,348 - INFO - 
============================================================
2026-02-07 12:44:38,348 - INFO - JORNADA 22
2026-02-07 12:44:38,349 - INFO - ============================================================
2026-02-07 12:44:38,895 - INFO -   Found 16 events
2026-02-07 12:44:40,196 - INFO - Processing Match [J1]: https://www.laliga.com/partido/temporada-2025-2026-laliga-ea-sports-rc-celta-getafe-cf-1 (Attempt 1)
2026-02-07 12:44:41,204 - INFO - Found 10 matches
2026-02-07 12:44:41,204 - INFO - Processing Match [J22]: https://www.laliga.com/partido/temporada-2025-2026-laliga-ea-sports-elche-cf-fc-barcelona-22 (Attempt 1)
2026-02-07 12:44:43,595 - INFO -   Found 13 events
2026-02-07 12:44:44,909 - INFO -   Found 18 events
2026-02-07 12:44:44,929 - INFO - Processing Match [J1]: https://www.laliga.com/partido/temporada-2025-2026-laliga-ea-sports-rcd-mallorca-fc-barcelona-1 (Attempt 1)
2026-02-07 12:44:45,946 - INFO - Processing Match [J22]: https://www.laliga.com/partido/temporada-2025-2026-laliga-ea-sports-ca-osasuna-villarreal-cf-22 (Attempt 1)
2026-02-07 12:44:48,756 - INFO -   Found 21 events
2026-02-07 12:44:50,132 - INFO - Processing Match [J1]: https://www.laliga.com/partido/temporada-2025-2026-laliga-ea-sports-girona-fc-rayo-vallecano-1 (Attempt 1)
2026-02-07 12:44:51,770 - INFO -   Found 17 events
2026-02-07 12:44:53,045 - INFO - Processing Match [J22]: https://www.laliga.com/partido/temporada-2025-2026-laliga-ea-sports-getafe-cf-rc-celta-22 (Attempt 1)
2026-02-07 12:44:56,377 - INFO -   Found 16 events
2026-02-07 12:44:56,433 - INFO -   Found 13 events
2026-02-07 12:44:57,348 - INFO - Processing Match [J22]: https://www.laliga.com/partido/temporada-2025-2026-laliga-ea-sports-rcd-mallorca-sevilla-fc-22 (Attempt 1)
2026-02-07 12:44:57,525 - INFO - Processing Match [J1]: https://www.laliga.com/partido/temporada-2025-2026-laliga-ea-sports-rcd-espanyol-de-barcelona-atletico-de-madrid-1 (Attempt 1)
2026-02-07 12:44:59,419 - INFO -   Found 17 events
2026-02-07 12:45:00,927 - INFO - Processing Match [J22]: https://www.laliga.com/partido/temporada-2025-2026-laliga-ea-sports-levante-ud-atletico-de-madrid-22 (Attempt 1)
2026-02-07 12:45:01,918 - INFO -   Found 19 events
2026-02-07 12:45:03,227 - INFO - Processing Match [J1]: https://www.laliga.com/partido/temporada-2025-2026-laliga-ea-sports-valencia-cf-real-sociedad-1 (Attempt 1)
2026-02-07 12:45:05,177 - INFO -   Found 15 events
2026-02-07 12:45:06,410 - INFO - Processing Match [J22]: https://www.laliga.com/partido/temporada-2025-2026-laliga-ea-sports-real-madrid-rayo-vallecano-22 (Attempt 1)
2026-02-07 12:45:07,226 - INFO -   Found 15 events
2026-02-07 12:45:08,308 - INFO - 
============================================================
2026-02-07 12:45:08,309 - INFO - JORNADA 23
2026-02-07 12:45:08,309 - INFO - ============================================================
2026-02-07 12:45:08,646 - INFO - Processing Match [J1]: https://www.laliga.com/partido/temporada-2025-2026-laliga-ea-sports-villarreal-cf-real-oviedo-1 (Attempt 1)
2026-02-07 12:45:10,474 - INFO -   Found 24 events
2026-02-07 12:45:11,686 - INFO - Processing Match [J22]: https://www.laliga.com/partido/temporada-2025-2026-laliga-ea-sports-rcd-espanyol-de-barcelona-deportivo-alaves-22 (Attempt 1)
2026-02-07 12:45:12,742 - INFO -   Found 17 events
2026-02-07 12:45:15,456 - INFO -   Found 13 events
2026-02-07 12:45:16,939 - INFO - Processing Match [J22]: https://www.laliga.com/partido/temporada-2025-2026-laliga-ea-sports-real-betis-valencia-cf-22 (Attempt 1)
2026-02-07 12:45:20,789 - INFO -   Found 16 events
2026-02-07 12:45:21,945 - INFO - Processing Match [J22]: https://www.laliga.com/partido/temporada-2025-2026-laliga-ea-sports-real-oviedo-girona-fc-22 (Attempt 1)
2026-02-07 12:45:25,151 - INFO -   Found 12 events
2026-02-07 12:45:26,114 - INFO - Processing Match [J22]: https://www.laliga.com/partido/temporada-2025-2026-laliga-ea-sports-athletic-club-real-sociedad-22 (Attempt 1)
2026-02-07 12:45:29,449 - INFO -   Found 19 events
