2026-02-07 12:01:33,585 - INFO - --- Scraping Jornada 1 ---
2026-02-07 12:01:39,369 - INFO - Found 10 matches.
2026-02-07 12:01:39,370 - INFO - Processing Match [J1]: https://www.laliga.com/partido/temporada-2025-2026-laliga-ea-sports-rc-celta-getafe-cf-1
2026-02-07 12:01:45,637 - INFO - Processing Match [J1]: https://www.laliga.com/partido/temporada-2025-2026-laliga-ea-sports-athletic-club-sevilla-fc-1
2026-02-07 12:01:51,032 - INFO - Processing Match [J1]: https://www.laliga.com/partido/temporada-2025-2026-laliga-ea-sports-valencia-cf-real-sociedad-1
2026-02-07 12:01:55,326 - INFO - Processing Match [J1]: https://www.laliga.com/partido/temporada-2025-2026-laliga-ea-sports-deportivo-alaves-levante-ud-1
2026-02-07 12:01:59,736 - INFO - Processing Match [J1]: https://www.laliga.com/partido/temporada-2025-2026-laliga-ea-sports-villarreal-cf-real-oviedo-1
2026-02-07 12:02:04,124 - INFO - Processing Match [J1]: https://www.laliga.com/partido/temporada-2025-2026-laliga-ea-sports-elche-cf-real-betis-1
2026-02-07 12:02:11,793 - INFO - Processing Match [J1]: https://www.laliga.com/partido/temporada-2025-2026-laliga-ea-sports-girona-fc-rayo-vallecano-1
2026-02-07 12:02:16,242 - INFO - Processing Match [J1]: https://www.laliga.com/partido/temporada-2025-2026-laliga-ea-sports-real-madrid-ca-osasuna-1
2026-02-07 12:02:20,524 - INFO - Processing Match [J1]: https://www.laliga.com/partido/temporada-2025-2026-laliga-ea-sports-rcd-mallorca-fc-barcelona-1
2026-02-07 12:02:25,299 - INFO - Processing Match [J1]: https://www.laliga.com/partido/temporada-2025-2026-laliga-ea-sports-rcd-espanyol-de-barcelona-atletico-de-madrid-1
2026-02-07 12:02:29,773 - INFO - --- Scraping Jornada 2 ---
2026-02-07 12:02:44,975 - INFO - --- Scraping Jornada 5 ---
2026-02-07 12:02:47,011 - INFO - Found 10 matches.
2026-02-07 12:02:47,012 - INFO - Processing Match [J5]: https://www.laliga.com/partido/temporada-2025-2026-laliga-ea-sports-rayo-vallecano-rc-celta-5
2026-02-07 12:02:51,931 - INFO - Processing Match [J5]: https://www.laliga.com/partido/temporada-2025-2026-laliga-ea-sports-villarreal-cf-ca-osasuna-5
2026-02-07 12:02:56,072 - INFO - Processing Match [J5]: https://www.laliga.com/partido/temporada-2025-2026-laliga-ea-sports-deportivo-alaves-sevilla-fc-5
2026-02-07 12:03:00,400 - INFO - Processing Match [J5]: https://www.laliga.com/partido/temporada-2025-2026-laliga-ea-sports-valencia-cf-athletic-club-5
2026-02-07 12:03:05,342 - INFO - Processing Match [J5]: https://www.laliga.com/partido/temporada-2025-2026-laliga-ea-sports-girona-fc-levante-ud-5
2026-02-07 12:03:09,764 - INFO - Processing Match [J5]: https://www.laliga.com/partido/temporada-2025-2026-laliga-ea-sports-real-madrid-rcd-espanyol-de-barcelona-5
2026-02-07 12:03:14,559 - INFO - Processing Match [J5]: https://www.laliga.com/partido/temporada-2025-2026-laliga-ea-sports-rcd-mallorca-atletico-de-madrid-5
2026-02-07 12:03:19,005 - INFO - Processing Match [J5]: https://www.laliga.com/partido/temporada-2025-2026-laliga-ea-sports-fc-barcelona-getafe-cf-5
2026-02-07 12:03:33,316 - INFO - Processing Match [J5]: https://www.laliga.com/partido/temporada-2025-2026-laliga-ea-sports-real-betis-real-sociedad-5
2026-02-07 12:03:38,543 - INFO - Processing Match [J5]: https://www.laliga.com/partido/temporada-2025-2026-laliga-ea-sports-elche-cf-real-oviedo-5
2026-02-07 12:03:43,405 - INFO - --- Scraping Jornada 6 ---
2026-02-07 12:03:46,841 - INFO - Found 10 matches.
2026-02-07 12:03:46,841 - INFO - Processing Match [J6]: https://www.laliga.com/partido/temporada-2025-2026-laliga-ea-sports-atletico-de-madrid-rayo-vallecano-6
2026-02-07 12:03:51,823 - INFO - Processing Match [J6]: https://www.laliga.com/partido/temporada-2025-2026-laliga-ea-sports-rc-celta-real-betis-6
2026-02-07 12:03:56,194 - INFO - Processing Match [J6]: https://www.laliga.com/partido/temporada-2025-2026-laliga-ea-sports-athletic-club-girona-fc-6
2026-02-07 12:04:00,863 - INFO - Processing Match [J6]: https://www.laliga.com/partido/temporada-2025-2026-laliga-ea-sports-real-sociedad-rcd-mallorca-6
2026-02-07 12:04:17,331 - INFO - Processing Match [J6]: https://www.laliga.com/partido/temporada-2025-2026-laliga-ea-sports-real-oviedo-fc-barcelona-6
2026-02-07 12:04:21,419 - INFO - Processing Match [J6]: https://www.laliga.com/partido/temporada-2025-2026-laliga-ea-sports-getafe-cf-deportivo-alaves-6
2026-02-07 12:04:26,327 - INFO - Processing Match [J6]: https://www.laliga.com/partido/temporada-2025-2026-laliga-ea-sports-rcd-espanyol-de-barcelona-valencia-cf-6
2026-02-07 12:04:30,577 - INFO - Processing Match [J6]: https://www.laliga.com/partido/temporada-2025-2026-laliga-ea-sports-sevilla-fc-villarreal-cf-6
2026-02-07 12:04:36,522 - INFO - Processing Match [J6]: https://www.laliga.com/partido/temporada-2025-2026-laliga-ea-sports-ca-osasuna-elche-cf-6
2026-02-07 12:04:41,892 - INFO - Processing Match [J6]: https://www.laliga.com/partido/temporada-2025-2026-laliga-ea-sports-levante-ud-real-madrid-6
2026-02-07 12:04:46,655 - INFO - --- Scraping Jornada 7 ---
2026-02-07 12:04:49,663 - INFO - Found 10 matches.
2026-02-07 12:04:49,664 - INFO - Processing Match [J7]: https://www.laliga.com/partido/temporada-2025-2026-laliga-ea-sports-elche-cf-rc-celta-7
2026-02-07 12:04:53,892 - INFO - Processing Match [J7]: https://www.laliga.com/partido/temporada-2025-2026-laliga-ea-sports-real-betis-ca-osasuna-7
2026-02-07 12:04:58,526 - INFO - Processing Match [J7]: https://www.laliga.com/partido/temporada-2025-2026-laliga-ea-sports-rayo-vallecano-sevilla-fc-7
2026-02-07 12:05:08,353 - INFO - Processing Match [J7]: https://www.laliga.com/partido/temporada-2025-2026-laliga-ea-sports-villarreal-cf-athletic-club-7
2026-02-07 12:05:13,002 - INFO - Processing Match [J7]: https://www.laliga.com/partido/temporada-2025-2026-laliga-ea-sports-getafe-cf-levante-ud-7
2026-02-07 12:05:17,683 - INFO - Processing Match [J7]: https://www.laliga.com/partido/temporada-2025-2026-laliga-ea-sports-girona-fc-rcd-espanyol-de-barcelona-7
2026-02-07 12:05:22,715 - INFO - Processing Match [J7]: https://www.laliga.com/partido/temporada-2025-2026-laliga-ea-sports-rcd-mallorca-deportivo-alaves-7
2026-02-07 12:05:27,799 - INFO - Processing Match [J7]: https://www.laliga.com/partido/temporada-2025-2026-laliga-ea-sports-fc-barcelona-real-sociedad-7
2026-02-07 12:05:32,816 - INFO - Processing Match [J7]: https://www.laliga.com/partido/temporada-2025-2026-laliga-ea-sports-valencia-cf-real-oviedo-7
2026-02-07 12:05:38,839 - INFO - Processing Match [J7]: https://www.laliga.com/partido/temporada-2025-2026-laliga-ea-sports-atletico-de-madrid-real-madrid-7
2026-02-07 12:05:44,171 - INFO - --- Scraping Jornada 8 ---
2026-02-07 12:05:47,018 - INFO - Found 10 matches.
2026-02-07 12:05:47,019 - INFO - Processing Match [J8]: https://www.laliga.com/partido/temporada-2025-2026-laliga-ea-sports-ca-osasuna-getafe-cf-8
2026-02-07 12:05:51,558 - INFO - Processing Match [J8]: https://www.laliga.com/partido/temporada-2025-2026-laliga-ea-sports-girona-fc-valencia-cf-8
2026-02-07 12:05:55,446 - INFO - Processing Match [J8]: https://www.laliga.com/partido/temporada-2025-2026-laliga-ea-sports-sevilla-fc-fc-barcelona-8
2026-02-07 12:06:00,023 - INFO - Processing Match [J8]: https://www.laliga.com/partido/temporada-2025-2026-laliga-ea-sports-real-oviedo-levante-ud-8
2026-02-07 12:06:08,120 - INFO - Processing Match [J8]: https://www.laliga.com/partido/temporada-2025-2026-laliga-ea-sports-real-sociedad-rayo-vallecano-8
2026-02-07 12:06:12,708 - INFO - Processing Match [J8]: https://www.laliga.com/partido/temporada-2025-2026-laliga-ea-sports-deportivo-alaves-elche-cf-8
2026-02-07 12:06:18,028 - INFO - Processing Match [J8]: https://www.laliga.com/partido/temporada-2025-2026-laliga-ea-sports-rc-celta-atletico-de-madrid-8
2026-02-07 12:06:22,871 - INFO - Processing Match [J8]: https://www.laliga.com/partido/temporada-2025-2026-laliga-ea-sports-athletic-club-rcd-mallorca-8
2026-02-07 12:06:27,755 - INFO - Processing Match [J8]: https://www.laliga.com/partido/temporada-2025-2026-laliga-ea-sports-real-madrid-villarreal-cf-8
2026-02-07 12:06:32,145 - INFO - Processing Match [J8]: https://www.laliga.com/partido/temporada-2025-2026-laliga-ea-sports-rcd-espanyol-de-barcelona-real-betis-8
2026-02-07 12:06:38,513 - INFO - --- Scraping Jornada 9 ---
2026-02-07 12:06:41,953 - INFO - Found 10 matches.
2026-02-07 12:06:41,953 - INFO - Processing Match [J9]: https://www.laliga.com/partido/temporada-2025-2026-laliga-ea-sports-rc-celta-real-sociedad-9
2026-02-07 12:06:46,740 - INFO - Processing Match [J9]: https://www.laliga.com/partido/temporada-2025-2026-laliga-ea-sports-real-oviedo-rcd-espanyol-de-barcelona-9
2026-02-07 12:06:51,657 - INFO - Processing Match [J9]: https://www.laliga.com/partido/temporada-2025-2026-laliga-ea-sports-elche-cf-athletic-club-9
2026-02-07 12:06:56,470 - INFO - Processing Match [J9]: https://www.laliga.com/partido/temporada-2025-2026-laliga-ea-sports-sevilla-fc-rcd-mallorca-9
2026-02-07 12:07:01,034 - INFO - Processing Match [J9]: https://www.laliga.com/partido/temporada-2025-2026-laliga-ea-sports-getafe-cf-real-madrid-9
2026-02-07 12:07:05,549 - INFO - Processing Match [J9]: https://www.laliga.com/partido/temporada-2025-2026-laliga-ea-sports-deportivo-alaves-valencia-cf-9
2026-02-07 12:07:10,279 - INFO - Processing Match [J9]: https://www.laliga.com/partido/temporada-2025-2026-laliga-ea-sports-fc-barcelona-girona-fc-9
2026-02-07 12:07:16,145 - INFO - Processing Match [J9]: https://www.laliga.com/partido/temporada-2025-2026-laliga-ea-sports-atletico-de-madrid-ca-osasuna-9
2026-02-07 12:07:22,217 - INFO - Processing Match [J9]: https://www.laliga.com/partido/temporada-2025-2026-laliga-ea-sports-villarreal-cf-real-betis-9
2026-02-07 12:07:26,592 - INFO - Processing Match [J9]: https://www.laliga.com/partido/temporada-2025-2026-laliga-ea-sports-levante-ud-rayo-vallecano-9
2026-02-07 12:07:30,941 - INFO - --- Scraping Jornada 10 ---
2026-02-07 12:07:35,009 - INFO - Found 10 matches.
2026-02-07 12:07:35,010 - INFO - Processing Match [J10]: https://www.laliga.com/partido/temporada-2025-2026-laliga-ea-sports-real-sociedad-sevilla-fc-10
2026-02-07 12:07:45,982 - INFO - Processing Match [J10]: https://www.laliga.com/partido/temporada-2025-2026-laliga-ea-sports-girona-fc-real-oviedo-10
2026-02-07 12:07:50,380 - INFO - Processing Match [J10]: https://www.laliga.com/partido/temporada-2025-2026-laliga-ea-sports-ca-osasuna-rc-celta-10
2026-02-07 12:07:55,724 - INFO - Processing Match [J10]: https://www.laliga.com/partido/temporada-2025-2026-laliga-ea-sports-rcd-mallorca-levante-ud-10
2026-02-07 12:07:59,709 - INFO - Processing Match [J10]: https://www.laliga.com/partido/temporada-2025-2026-laliga-ea-sports-real-betis-atletico-de-madrid-10
2026-02-07 12:08:04,118 - INFO - Processing Match [J10]: https://www.laliga.com/partido/temporada-2025-2026-laliga-ea-sports-real-madrid-fc-barcelona-10
2026-02-07 12:08:09,618 - INFO - Processing Match [J10]: https://www.laliga.com/partido/temporada-2025-2026-laliga-ea-sports-athletic-club-getafe-cf-10
2026-02-07 12:08:14,054 - INFO - Processing Match [J10]: https://www.laliga.com/partido/temporada-2025-2026-laliga-ea-sports-rcd-espanyol-de-barcelona-elche-cf-10
2026-02-07 12:08:18,718 - INFO - Processing Match [J10]: https://www.laliga.com/partido/temporada-2025-2026-laliga-ea-sports-valencia-cf-villarreal-cf-10
2026-02-07 12:08:23,212 - INFO - Processing Match [J10]: https://www.laliga.com/partido/temporada-2025-2026-laliga-ea-sports-rayo-vallecano-deportivo-alaves-10
2026-02-07 12:08:27,242 - INFO - --- Scraping Jornada 11 ---
2026-02-07 12:08:29,779 - INFO - Found 10 matches.
2026-02-07 12:08:29,779 - INFO - Processing Match [J11]: https://www.laliga.com/partido/temporada-2025-2026-laliga-ea-sports-real-sociedad-athletic-club-11
2026-02-07 12:08:33,663 - INFO - Processing Match [J11]: https://www.laliga.com/partido/temporada-2025-2026-laliga-ea-sports-real-oviedo-ca-osasuna-11
2026-02-07 12:08:38,925 - INFO - Processing Match [J11]: https://www.laliga.com/partido/temporada-2025-2026-laliga-ea-sports-deportivo-alaves-rcd-espanyol-de-barcelona-11
2026-02-07 12:08:43,986 - INFO - Processing Match [J11]: https://www.laliga.com/partido/temporada-2025-2026-laliga-ea-sports-getafe-cf-girona-fc-11
2026-02-07 12:08:49,489 - INFO - Processing Match [J11]: https://www.laliga.com/partido/temporada-2025-2026-laliga-ea-sports-atletico-de-madrid-sevilla-fc-11
2026-02-07 12:08:55,973 - INFO - Processing Match [J11]: https://www.laliga.com/partido/temporada-2025-2026-laliga-ea-sports-villarreal-cf-rayo-vallecano-11
2026-02-07 12:09:02,787 - INFO - Processing Match [J11]: https://www.laliga.com/partido/temporada-2025-2026-laliga-ea-sports-fc-barcelona-elche-cf-11
2026-02-07 12:09:11,917 - INFO - Processing Match [J11]: https://www.laliga.com/partido/temporada-2025-2026-laliga-ea-sports-real-betis-rcd-mallorca-11
2026-02-07 12:09:17,369 - INFO - Processing Match [J11]: https://www.laliga.com/partido/temporada-2025-2026-laliga-ea-sports-levante-ud-rc-celta-11
2026-02-07 12:09:23,199 - INFO - Processing Match [J11]: https://www.laliga.com/partido/temporada-2025-2026-laliga-ea-sports-real-madrid-valencia-cf-11
2026-02-07 12:09:27,887 - INFO - --- Scraping Jornada 12 ---
2026-02-07 12:09:31,809 - INFO - Found 10 matches.
2026-02-07 12:09:31,811 - INFO - Processing Match [J12]: https://www.laliga.com/partido/temporada-2025-2026-laliga-ea-sports-girona-fc-deportivo-alaves-12
2026-02-07 12:09:38,364 - INFO - Processing Match [J12]: https://www.laliga.com/partido/temporada-2025-2026-laliga-ea-sports-atletico-de-madrid-levante-ud-12
2026-02-07 12:09:43,984 - INFO - Processing Match [J12]: https://www.laliga.com/partido/temporada-2025-2026-laliga-ea-sports-valencia-cf-real-betis-12
2026-02-07 12:09:49,078 - INFO - Processing Match [J12]: https://www.laliga.com/partido/temporada-2025-2026-laliga-ea-sports-rc-celta-fc-barcelona-12
2026-02-07 12:09:53,691 - INFO - Processing Match [J12]: https://www.laliga.com/partido/temporada-2025-2026-laliga-ea-sports-rcd-mallorca-getafe-cf-12
2026-02-07 12:09:58,543 - INFO - Processing Match [J12]: https://www.laliga.com/partido/temporada-2025-2026-laliga-ea-sports-rayo-vallecano-real-madrid-12
2026-02-07 12:10:03,814 - INFO - Processing Match [J12]: https://www.laliga.com/partido/temporada-2025-2026-laliga-ea-sports-sevilla-fc-ca-osasuna-12
2026-02-07 12:10:08,612 - INFO - Processing Match [J12]: https://www.laliga.com/partido/temporada-2025-2026-laliga-ea-sports-rcd-espanyol-de-barcelona-villarreal-cf-12
2026-02-07 12:10:13,327 - INFO - Processing Match [J12]: https://www.laliga.com/partido/temporada-2025-2026-laliga-ea-sports-elche-cf-real-sociedad-12
2026-02-07 12:10:17,000 - INFO - Processing Match [J12]: https://www.laliga.com/partido/temporada-2025-2026-laliga-ea-sports-athletic-club-real-oviedo-12
2026-02-07 12:10:21,270 - INFO - --- Scraping Jornada 13 ---
2026-02-07 12:10:23,576 - INFO - Found 10 matches.
2026-02-07 12:10:23,577 - INFO - Processing Match [J13]: https://www.laliga.com/partido/temporada-2025-2026-laliga-ea-sports-valencia-cf-levante-ud-13
2026-02-07 12:10:27,681 - INFO - Processing Match [J13]: https://www.laliga.com/partido/temporada-2025-2026-laliga-ea-sports-deportivo-alaves-rc-celta-13
2026-02-07 12:10:31,990 - INFO - Processing Match [J13]: https://www.laliga.com/partido/temporada-2025-2026-laliga-ea-sports-real-betis-girona-fc-13
2026-02-07 12:10:40,605 - INFO - Processing Match [J13]: https://www.laliga.com/partido/temporada-2025-2026-laliga-ea-sports-getafe-cf-atletico-de-madrid-13
2026-02-07 12:10:44,821 - INFO - Processing Match [J13]: https://www.laliga.com/partido/temporada-2025-2026-laliga-ea-sports-ca-osasuna-real-sociedad-13
2026-02-07 12:10:50,265 - INFO - Processing Match [J13]: https://www.laliga.com/partido/temporada-2025-2026-laliga-ea-sports-fc-barcelona-athletic-club-13
2026-02-07 12:10:56,746 - INFO - Processing Match [J13]: https://www.laliga.com/partido/temporada-2025-2026-laliga-ea-sports-rcd-espanyol-de-barcelona-sevilla-fc-13
2026-02-07 12:11:04,701 - INFO - Processing Match [J13]: https://www.laliga.com/partido/temporada-2025-2026-laliga-ea-sports-villarreal-cf-rcd-mallorca-13
2026-02-07 12:11:11,281 - INFO - Processing Match [J13]: https://www.laliga.com/partido/temporada-2025-2026-laliga-ea-sports-elche-cf-real-madrid-13
2026-02-07 12:11:19,501 - INFO - Processing Match [J13]: https://www.laliga.com/partido/temporada-2025-2026-laliga-ea-sports-real-oviedo-rayo-vallecano-13
2026-02-07 12:11:27,151 - INFO - --- Scraping Jornada 14 ---
2026-02-07 12:11:30,967 - INFO - Found 10 matches.
2026-02-07 12:11:30,969 - INFO - Processing Match [J14]: https://www.laliga.com/partido/temporada-2025-2026-laliga-ea-sports-fc-barcelona-deportivo-alaves-14
2026-02-07 12:11:38,085 - INFO - Processing Match [J14]: https://www.laliga.com/partido/temporada-2025-2026-laliga-ea-sports-rayo-vallecano-valencia-cf-14
2026-02-07 12:11:44,316 - INFO - Processing Match [J14]: https://www.laliga.com/partido/temporada-2025-2026-laliga-ea-sports-rcd-mallorca-ca-osasuna-14
2026-02-07 12:11:49,173 - INFO - Processing Match [J14]: https://www.laliga.com/partido/temporada-2025-2026-laliga-ea-sports-atletico-de-madrid-real-oviedo-14
2026-02-07 12:11:55,224 - INFO - Processing Match [J14]: https://www.laliga.com/partido/temporada-2025-2026-laliga-ea-sports-real-sociedad-villarreal-cf-14
2026-02-07 12:11:59,587 - INFO - Processing Match [J14]: https://www.laliga.com/partido/temporada-2025-2026-laliga-ea-sports-girona-fc-real-madrid-14
2026-02-07 12:12:03,994 - INFO - Processing Match [J14]: https://www.laliga.com/partido/temporada-2025-2026-laliga-ea-sports-rc-celta-rcd-espanyol-de-barcelona-14
2026-02-07 12:12:08,807 - INFO - Processing Match [J14]: https://www.laliga.com/partido/temporada-2025-2026-laliga-ea-sports-sevilla-fc-real-betis-14
2026-02-07 12:12:13,555 - INFO - Processing Match [J14]: https://www.laliga.com/partido/temporada-2025-2026-laliga-ea-sports-levante-ud-athletic-club-14
2026-02-07 12:12:18,235 - INFO - Processing Match [J14]: https://www.laliga.com/partido/temporada-2025-2026-laliga-ea-sports-getafe-cf-elche-cf-14
2026-02-07 12:12:22,823 - INFO - --- Scraping Jornada 15 ---
2026-02-07 12:12:26,755 - INFO - Found 10 matches.
2026-02-07 12:12:26,756 - INFO - Processing Match [J15]: https://www.laliga.com/partido/temporada-2025-2026-laliga-ea-sports-real-oviedo-rcd-mallorca-15
2026-02-07 12:12:31,478 - INFO - Processing Match [J15]: https://www.laliga.com/partido/temporada-2025-2026-laliga-ea-sports-deportivo-alaves-real-sociedad-15
2026-02-07 12:12:37,961 - INFO - Processing Match [J15]: https://www.laliga.com/partido/temporada-2025-2026-laliga-ea-sports-real-madrid-rc-celta-15
2026-02-07 12:12:41,683 - INFO - Processing Match [J15]: https://www.laliga.com/partido/temporada-2025-2026-laliga-ea-sports-real-betis-fc-barcelona-15
2026-02-07 12:12:46,277 - INFO - Processing Match [J15]: https://www.laliga.com/partido/temporada-2025-2026-laliga-ea-sports-athletic-club-atletico-de-madrid-15
2026-02-07 12:12:51,215 - INFO - Processing Match [J15]: https://www.laliga.com/partido/temporada-2025-2026-laliga-ea-sports-elche-cf-girona-fc-15
2026-02-07 12:12:55,352 - INFO - Processing Match [J15]: https://www.laliga.com/partido/temporada-2025-2026-laliga-ea-sports-villarreal-cf-getafe-cf-15
2026-02-07 12:13:00,058 - INFO - Processing Match [J15]: https://www.laliga.com/partido/temporada-2025-2026-laliga-ea-sports-ca-osasuna-levante-ud-15
2026-02-07 12:13:42,665 - INFO - Processing Match [J7]: https://www.laliga.com/partido/temporada-2025-2026-laliga-ea-sports-girona-fc-rcd-espanyol-de-barcelona-7
